******************************************************************************
             TMS320C2000 Linker PC v20.2.1                     
******************************************************************************
>> Linked Thu Jun  6 14:28:03 2024

OUTPUT FILE NAME:   <../cpu1.out>
ENTRY POINT SYMBOL: "_c_int00"  address: 00084fd3


MEMORY CONFIGURATION

         name            origin    length      used     unused   attr    fill
----------------------  --------  ---------  --------  --------  ----  --------
PAGE 0:
  BEGIN                 00000000   00000002  00000000  00000002  RWIX
  RAMLS_PROG            00008000   00002000  0000003f  00001fc1  RWIX
  BEGIN_FLASH           00080000   00000002  00000002  00000000  RWIX
  FLASHA_N              00080002   0003fffe  00005546  0003aab8  RWIX
  RESET                 003fffc0   00000002  00000000  00000002  RWIX

PAGE 1:
  BOOT_RSVD             00000002   00000120  00000000  00000120  RWIX
  RAMM0M1               00000122   000006de  00000400  000002de  RWIX
  ADCARESULT            00000b00   00000018  00000018  00000000  RWIX
  ADCBRESULT            00000b20   00000018  00000018  00000000  RWIX
  ADCCRESULT            00000b40   00000018  00000018  00000000  RWIX
  ADCDRESULT            00000b60   00000018  00000018  00000000  RWIX
  CPU_TIMER0            00000c00   00000008  00000008  00000000  RWIX
  CPU_TIMER1            00000c08   00000008  00000008  00000000  RWIX
  CPU_TIMER2            00000c10   00000008  00000008  00000000  RWIX
  PIE_CTRL              00000ce0   00000020  0000001a  00000006  RWIX
  PIE_VECT              00000d00   00000200  000001c0  00000040  RWIX
  DMA                   00001000   00000200  000000e0  00000120  RWIX
  CLA1                  00001400   00000040  0000003e  00000002  RWIX
  CLA1_MSGRAMLOW        00001480   00000080  00000000  00000080  RWIX
  CLA1_MSGRAMHIGH       00001500   00000080  00000000  00000080  RWIX
  CLB1LOGICCFG          00003000   00000052  0000003e  00000014  RWIX
  CLB1LOGICCTRL         00003100   00000040  00000040  00000000  RWIX
  CLB1DATAEXCH          00003200   00000200  00000108  000000f8  RWIX
  CLB2LOGICCFG          00003400   00000052  0000003e  00000014  RWIX
  CLB2LOGICCTRL         00003500   00000040  00000040  00000000  RWIX
  CLB2DATAEXCH          00003600   00000200  00000108  000000f8  RWIX
  CLB3LOGICCFG          00003800   00000052  0000003e  00000014  RWIX
  CLB3LOGICCTRL         00003900   00000040  00000040  00000000  RWIX
  CLB3DATAEXCH          00003a00   00000200  00000108  000000f8  RWIX
  CLB4LOGICCFG          00003c00   00000052  0000003e  00000014  RWIX
  CLB4LOGICCTRL         00003d00   00000040  00000040  00000000  RWIX
  CLB4DATAEXCH          00003e00   00000200  00000108  000000f8  RWIX
  EPWM1                 00004000   00000100  00000100  00000000  RWIX
  EPWM2                 00004100   00000100  00000100  00000000  RWIX
  EPWM3                 00004200   00000100  00000100  00000000  RWIX
  EPWM4                 00004300   00000100  00000100  00000000  RWIX
  EPWM5                 00004400   00000100  00000100  00000000  RWIX
  EPWM6                 00004500   00000100  00000100  00000000  RWIX
  EPWM7                 00004600   00000100  00000100  00000000  RWIX
  EPWM8                 00004700   00000100  00000100  00000000  RWIX
  EPWM9                 00004800   00000100  00000100  00000000  RWIX
  EPWM10                00004900   00000100  00000100  00000000  RWIX
  EPWM11                00004a00   00000100  00000100  00000000  RWIX
  EPWM12                00004b00   00000100  00000100  00000000  RWIX
  ECAP1                 00005000   00000020  0000001a  00000006  RWIX
  ECAP2                 00005020   00000020  0000001a  00000006  RWIX
  ECAP3                 00005040   00000020  0000001a  00000006  RWIX
  ECAP4                 00005060   00000020  0000001a  00000006  RWIX
  ECAP5                 00005080   00000020  0000001a  00000006  RWIX
  ECAP6                 000050a0   00000020  0000001a  00000006  RWIX
  EQEP1                 00005100   00000040  00000022  0000001e  RWIX
  EQEP2                 00005140   00000040  00000022  0000001e  RWIX
  EQEP3                 00005180   00000040  00000022  0000001e  RWIX
  DACA                  00005c00   00000010  00000007  00000009  RWIX
  DACB                  00005c10   00000010  00000007  00000009  RWIX
  DACC                  00005c20   00000010  00000007  00000009  RWIX
  CMPSS1                00005c80   00000020  0000001b  00000005  RWIX
  CMPSS2                00005ca0   00000020  0000001b  00000005  RWIX
  CMPSS3                00005cc0   00000020  0000001b  00000005  RWIX
  CMPSS4                00005ce0   00000020  0000001b  00000005  RWIX
  CMPSS5                00005d00   00000020  0000001b  00000005  RWIX
  CMPSS6                00005d20   00000020  0000001b  00000005  RWIX
  CMPSS7                00005d40   00000020  0000001b  00000005  RWIX
  CMPSS8                00005d60   00000020  0000001b  00000005  RWIX
  SDFM1                 00005e00   00000080  00000048  00000038  RWIX
  SDFM2                 00005e80   00000080  00000048  00000038  RWIX
  MCBSPA                00006000   00000040  00000024  0000001c  RWIX
  MCBSPB                00006040   00000040  00000024  0000001c  RWIX
  SPIA                  00006100   00000010  00000010  00000000  RWIX
  SPIB                  00006110   00000010  00000010  00000000  RWIX
  SPIC                  00006120   00000010  00000010  00000000  RWIX
  SPID                  00006130   00000010  00000000  00000010  RWIX
  UPP                   00006200   00000100  00000048  000000b8  RWIX
  WD                    00007000   00000040  0000002b  00000015  RWIX
  NMIINTRUPT            00007060   00000010  00000007  00000009  RWIX
  XINT                  00007070   00000010  0000000b  00000005  RWIX
  SCIA                  00007200   00000010  00000010  00000000  RWIX
  SCIB                  00007210   00000010  00000010  00000000  RWIX
  SCIC                  00007220   00000010  00000010  00000000  RWIX
  SCID                  00007230   00000010  00000010  00000000  RWIX
  I2CA                  00007300   00000040  00000022  0000001e  RWIX
  I2CB                  00007340   00000040  00000022  0000001e  RWIX
  ADCA                  00007400   00000080  0000007c  00000004  RWIX
  ADCB                  00007480   00000080  0000007c  00000004  RWIX
  ADCC                  00007500   00000080  0000007c  00000004  RWIX
  ADCD                  00007580   00000080  0000007c  00000004  RWIX
  INPUT_XBAR            00007900   00000020  00000020  00000000  RWIX
  XBAR                  00007920   00000020  0000000e  00000012  RWIX
  SYNC_SOC              00007940   00000010  00000006  0000000a  RWIX
  DMACLASRCSEL          00007980   00000040  0000001a  00000026  RWIX
  EPWM_XBAR             00007a00   00000040  00000040  00000000  RWIX
  CLB_XBAR              00007a40   00000040  00000040  00000000  RWIX
  OUTPUT_XBAR           00007a80   00000040  00000040  00000000  RWIX
  GPIOCTRL              00007c00   00000180  00000180  00000000  RWIX
  GPIODAT               00007f00   00000030  00000030  00000000  RWIX
  RAMLS_DATA            0000a000   00001000  00000000  00001000  RWIX
  RAMD0D1               0000b000   00001000  00000000  00001000  RWIX
  RAMGS_IPCBuffCPU1     0000c000   00001000  00000004  00000ffc  RWIX
  RAMGS_IPCBuffCPU2     0000d000   00001000  00000000  00001000  RWIX
  RAMGS_DATA            0000e000   00007000  00000574  00006a8c  RWIX
  CPU2TOCPU1RAM         0003f800   00000400  00000000  00000400  RWIX
  CPU1TOCPU2RAM         0003fc00   00000400  000001c0  00000240  RWIX
  EMIF1                 00047000   00000800  00000028  000007d8  RWIX
  EMIF2                 00047800   00000800  00000028  000007d8  RWIX
  CANA                  00048000   00000200  00000164  0000009c  RWIX
  CANB                  0004a000   00000200  00000164  0000009c  RWIX
  IPC                   00050000   00000024  00000024  00000000  RWIX
  FLASHPUMPSEMAPHORE    00050024   00000002  00000002  00000000  RWIX
  DEV_CFG               0005d000   00000180  0000012e  00000052  RWIX
  ANALOG_SUBSYS         0005d180   00000080  0000003e  00000042  RWIX
  CLK_CFG               0005d200   00000100  00000032  000000ce  RWIX
  CPU_SYS               0005d300   00000100  00000082  0000007e  RWIX
  ROMPREFETCH           0005e608   00000002  00000002  00000000  RWIX
  DCSM_Z1               0005f000   00000030  00000022  0000000e  RWIX
  DCSM_Z2               0005f040   00000030  00000022  0000000e  RWIX
  DCSM_COMMON           0005f070   00000010  00000006  0000000a  RWIX
  MEMCFG                0005f400   00000080  00000076  0000000a  RWIX
  EMIF1CONFIG           0005f480   00000020  0000000a  00000016  RWIX
  EMIF2CONFIG           0005f4a0   00000020  0000000a  00000016  RWIX
  ACCESSPROTECTION      0005f4c0   00000040  0000002e  00000012  RWIX
  MEMORYERROR           0005f500   00000040  0000003a  00000006  RWIX
  ROMWAITSTATE          0005f540   00000002  00000002  00000000  RWIX
  FLASH0_CTRL           0005f800   00000300  00000182  0000017e  RWIX
  FLASH0_ECC            0005fb00   00000040  00000028  00000018  RWIX
  DCSM_Z1_OTP           00078000   00000020  00000000  00000020  RWIX
  DCSM_Z2_OTP           00078200   00000020  00000000  00000020  RWIX


SECTION ALLOCATION MAP

 output                                  attributes/
section   page    origin      length       input sections
--------  ----  ----------  ----------   ----------------
ramfuncs   0    00008000    00000000     UNINITIALIZED

codestart 
*          0    00080000    00000002     
                  00080000    00000002     F2837xD_CodeStartBranch.obj (codestart)

.TI.ramfunc 
*          0    00080004    0000003f     RUN ADDR = 00008000
                  00080004    00000037     F2837xD_SysCtrl.obj (.TI.ramfunc)
                  0008003b    00000004     F2837xD_usDelay.obj (.TI.ramfunc)
                  0008003f    00000004     sysctl.obj (.TI.ramfunc)

AdcaResultRegsFile 
*          1    00000b00    00000018     UNINITIALIZED
                  00000b00    00000018     F2837xD_GlobalVariableDefs.obj (AdcaResultRegsFile)

AdcbResultRegsFile 
*          1    00000b20    00000018     UNINITIALIZED
                  00000b20    00000018     F2837xD_GlobalVariableDefs.obj (AdcbResultRegsFile)

AdccResultRegsFile 
*          1    00000b40    00000018     UNINITIALIZED
                  00000b40    00000018     F2837xD_GlobalVariableDefs.obj (AdccResultRegsFile)

AdcdResultRegsFile 
*          1    00000b60    00000018     UNINITIALIZED
                  00000b60    00000018     F2837xD_GlobalVariableDefs.obj (AdcdResultRegsFile)

CpuTimer0RegsFile 
*          1    00000c00    00000008     UNINITIALIZED
                  00000c00    00000008     F2837xD_GlobalVariableDefs.obj (CpuTimer0RegsFile)

CpuTimer1RegsFile 
*          1    00000c08    00000008     UNINITIALIZED
                  00000c08    00000008     F2837xD_GlobalVariableDefs.obj (CpuTimer1RegsFile)

CpuTimer2RegsFile 
*          1    00000c10    00000008     UNINITIALIZED
                  00000c10    00000008     F2837xD_GlobalVariableDefs.obj (CpuTimer2RegsFile)

PieCtrlRegsFile 
*          1    00000ce0    0000001a     UNINITIALIZED
                  00000ce0    0000001a     F2837xD_GlobalVariableDefs.obj (PieCtrlRegsFile)

PieVectTableFile 
*          1    00000d00    000001c0     UNINITIALIZED
                  00000d00    000001c0     F2837xD_GlobalVariableDefs.obj (PieVectTableFile)

EmuKeyVar 
*          1    00000d00    00000000     UNINITIALIZED

EmuBModeVar 
*          1    00000d00    00000000     UNINITIALIZED

FlashCallbackVar 
*          1    00000d00    00000000     UNINITIALIZED

FlashScalingVar 
*          1    00000d00    00000000     UNINITIALIZED

Cla1RegsFile 
*          1    00001400    0000003e     UNINITIALIZED
                  00001400    0000003e     F2837xD_GlobalVariableDefs.obj (Cla1RegsFile)

Clb1LogicCfgRegsFile 
*          1    00003000    0000003e     UNINITIALIZED
                  00003000    0000003e     F2837xD_GlobalVariableDefs.obj (Clb1LogicCfgRegsFile)

Clb1LogicCtrlRegsFile 
*          1    00003100    00000040     UNINITIALIZED
                  00003100    00000040     F2837xD_GlobalVariableDefs.obj (Clb1LogicCtrlRegsFile)

Clb2LogicCfgRegsFile 
*          1    00003400    0000003e     UNINITIALIZED
                  00003400    0000003e     F2837xD_GlobalVariableDefs.obj (Clb2LogicCfgRegsFile)

Clb2LogicCtrlRegsFile 
*          1    00003500    00000040     UNINITIALIZED
                  00003500    00000040     F2837xD_GlobalVariableDefs.obj (Clb2LogicCtrlRegsFile)

Clb3LogicCfgRegsFile 
*          1    00003800    0000003e     UNINITIALIZED
                  00003800    0000003e     F2837xD_GlobalVariableDefs.obj (Clb3LogicCfgRegsFile)

Clb3LogicCtrlRegsFile 
*          1    00003900    00000040     UNINITIALIZED
                  00003900    00000040     F2837xD_GlobalVariableDefs.obj (Clb3LogicCtrlRegsFile)

Clb4LogicCfgRegsFile 
*          1    00003c00    0000003e     UNINITIALIZED
                  00003c00    0000003e     F2837xD_GlobalVariableDefs.obj (Clb4LogicCfgRegsFile)

Clb4LogicCtrlRegsFile 
*          1    00003d00    00000040     UNINITIALIZED
                  00003d00    00000040     F2837xD_GlobalVariableDefs.obj (Clb4LogicCtrlRegsFile)

EPwm1RegsFile 
*          1    00004000    00000100     UNINITIALIZED
                  00004000    00000100     F2837xD_GlobalVariableDefs.obj (EPwm1RegsFile)

EPwm2RegsFile 
*          1    00004100    00000100     UNINITIALIZED
                  00004100    00000100     F2837xD_GlobalVariableDefs.obj (EPwm2RegsFile)

EPwm3RegsFile 
*          1    00004200    00000100     UNINITIALIZED
                  00004200    00000100     F2837xD_GlobalVariableDefs.obj (EPwm3RegsFile)

EPwm4RegsFile 
*          1    00004300    00000100     UNINITIALIZED
                  00004300    00000100     F2837xD_GlobalVariableDefs.obj (EPwm4RegsFile)

EPwm5RegsFile 
*          1    00004400    00000100     UNINITIALIZED
                  00004400    00000100     F2837xD_GlobalVariableDefs.obj (EPwm5RegsFile)

EPwm6RegsFile 
*          1    00004500    00000100     UNINITIALIZED
                  00004500    00000100     F2837xD_GlobalVariableDefs.obj (EPwm6RegsFile)

EPwm7RegsFile 
*          1    00004600    00000100     UNINITIALIZED
                  00004600    00000100     F2837xD_GlobalVariableDefs.obj (EPwm7RegsFile)

EPwm8RegsFile 
*          1    00004700    00000100     UNINITIALIZED
                  00004700    00000100     F2837xD_GlobalVariableDefs.obj (EPwm8RegsFile)

EPwm9RegsFile 
*          1    00004800    00000100     UNINITIALIZED
                  00004800    00000100     F2837xD_GlobalVariableDefs.obj (EPwm9RegsFile)

EPwm10RegsFile 
*          1    00004900    00000100     UNINITIALIZED
                  00004900    00000100     F2837xD_GlobalVariableDefs.obj (EPwm10RegsFile)

EPwm11RegsFile 
*          1    00004a00    00000100     UNINITIALIZED
                  00004a00    00000100     F2837xD_GlobalVariableDefs.obj (EPwm11RegsFile)

EPwm12RegsFile 
*          1    00004b00    00000100     UNINITIALIZED
                  00004b00    00000100     F2837xD_GlobalVariableDefs.obj (EPwm12RegsFile)

ECap1RegsFile 
*          1    00005000    0000001a     UNINITIALIZED
                  00005000    0000001a     F2837xD_GlobalVariableDefs.obj (ECap1RegsFile)

ECap2RegsFile 
*          1    00005020    0000001a     UNINITIALIZED
                  00005020    0000001a     F2837xD_GlobalVariableDefs.obj (ECap2RegsFile)

ECap3RegsFile 
*          1    00005040    0000001a     UNINITIALIZED
                  00005040    0000001a     F2837xD_GlobalVariableDefs.obj (ECap3RegsFile)

ECap4RegsFile 
*          1    00005060    0000001a     UNINITIALIZED
                  00005060    0000001a     F2837xD_GlobalVariableDefs.obj (ECap4RegsFile)

ECap5RegsFile 
*          1    00005080    0000001a     UNINITIALIZED
                  00005080    0000001a     F2837xD_GlobalVariableDefs.obj (ECap5RegsFile)

ECap6RegsFile 
*          1    000050a0    0000001a     UNINITIALIZED
                  000050a0    0000001a     F2837xD_GlobalVariableDefs.obj (ECap6RegsFile)

EQep1RegsFile 
*          1    00005100    00000022     UNINITIALIZED
                  00005100    00000022     F2837xD_GlobalVariableDefs.obj (EQep1RegsFile)

EQep2RegsFile 
*          1    00005140    00000022     UNINITIALIZED
                  00005140    00000022     F2837xD_GlobalVariableDefs.obj (EQep2RegsFile)

EQep3RegsFile 
*          1    00005180    00000022     UNINITIALIZED
                  00005180    00000022     F2837xD_GlobalVariableDefs.obj (EQep3RegsFile)

DacaRegsFile 
*          1    00005c00    00000007     UNINITIALIZED
                  00005c00    00000007     F2837xD_GlobalVariableDefs.obj (DacaRegsFile)

DacbRegsFile 
*          1    00005c10    00000007     UNINITIALIZED
                  00005c10    00000007     F2837xD_GlobalVariableDefs.obj (DacbRegsFile)

DaccRegsFile 
*          1    00005c20    00000007     UNINITIALIZED
                  00005c20    00000007     F2837xD_GlobalVariableDefs.obj (DaccRegsFile)

Cmpss1RegsFile 
*          1    00005c80    0000001b     UNINITIALIZED
                  00005c80    0000001b     F2837xD_GlobalVariableDefs.obj (Cmpss1RegsFile)

Cmpss2RegsFile 
*          1    00005ca0    0000001b     UNINITIALIZED
                  00005ca0    0000001b     F2837xD_GlobalVariableDefs.obj (Cmpss2RegsFile)

Cmpss3RegsFile 
*          1    00005cc0    0000001b     UNINITIALIZED
                  00005cc0    0000001b     F2837xD_GlobalVariableDefs.obj (Cmpss3RegsFile)

Cmpss4RegsFile 
*          1    00005ce0    0000001b     UNINITIALIZED
                  00005ce0    0000001b     F2837xD_GlobalVariableDefs.obj (Cmpss4RegsFile)

Cmpss5RegsFile 
*          1    00005d00    0000001b     UNINITIALIZED
                  00005d00    0000001b     F2837xD_GlobalVariableDefs.obj (Cmpss5RegsFile)

Cmpss6RegsFile 
*          1    00005d20    0000001b     UNINITIALIZED
                  00005d20    0000001b     F2837xD_GlobalVariableDefs.obj (Cmpss6RegsFile)

Cmpss7RegsFile 
*          1    00005d40    0000001b     UNINITIALIZED
                  00005d40    0000001b     F2837xD_GlobalVariableDefs.obj (Cmpss7RegsFile)

Cmpss8RegsFile 
*          1    00005d60    0000001b     UNINITIALIZED
                  00005d60    0000001b     F2837xD_GlobalVariableDefs.obj (Cmpss8RegsFile)

I2caRegsFile 
*          1    00007300    00000022     UNINITIALIZED
                  00007300    00000022     F2837xD_GlobalVariableDefs.obj (I2caRegsFile)

I2cbRegsFile 
*          1    00007340    00000022     UNINITIALIZED
                  00007340    00000022     F2837xD_GlobalVariableDefs.obj (I2cbRegsFile)

AdcaRegsFile 
*          1    00007400    0000007c     UNINITIALIZED
                  00007400    0000007c     F2837xD_GlobalVariableDefs.obj (AdcaRegsFile)

AdcbRegsFile 
*          1    00007480    0000007c     UNINITIALIZED
                  00007480    0000007c     F2837xD_GlobalVariableDefs.obj (AdcbRegsFile)

AdccRegsFile 
*          1    00007500    0000007c     UNINITIALIZED
                  00007500    0000007c     F2837xD_GlobalVariableDefs.obj (AdccRegsFile)

AdcdRegsFile 
*          1    00007580    0000007c     UNINITIALIZED
                  00007580    0000007c     F2837xD_GlobalVariableDefs.obj (AdcdRegsFile)

CanaRegsFile 
*          1    00048000    00000164     UNINITIALIZED
                  00048000    00000164     F2837xD_GlobalVariableDefs.obj (CanaRegsFile)

CanbRegsFile 
*          1    0004a000    00000164     UNINITIALIZED
                  0004a000    00000164     F2837xD_GlobalVariableDefs.obj (CanbRegsFile)

AnalogSubsysRegsFile 
*          1    0005d180    0000003e     UNINITIALIZED
                  0005d180    0000003e     F2837xD_GlobalVariableDefs.obj (AnalogSubsysRegsFile)

Cla1SoftIntRegsFile 
*          1    00000ce0    00000000     DSECT

Clb1DataExchRegsFile 
*          1    00003200    00000108     UNINITIALIZED
                  00003200    00000108     F2837xD_GlobalVariableDefs.obj (Clb1DataExchRegsFile)

Clb2DataExchRegsFile 
*          1    00003600    00000108     UNINITIALIZED
                  00003600    00000108     F2837xD_GlobalVariableDefs.obj (Clb2DataExchRegsFile)

Clb3DataExchRegsFile 
*          1    00003a00    00000108     UNINITIALIZED
                  00003a00    00000108     F2837xD_GlobalVariableDefs.obj (Clb3DataExchRegsFile)

Clb4DataExchRegsFile 
*          1    00003e00    00000108     UNINITIALIZED
                  00003e00    00000108     F2837xD_GlobalVariableDefs.obj (Clb4DataExchRegsFile)

Sdfm1RegsFile 
*          1    00005e00    00000048     UNINITIALIZED
                  00005e00    00000048     F2837xD_GlobalVariableDefs.obj (Sdfm1RegsFile)

Sdfm2RegsFile 
*          1    00005e80    00000048     UNINITIALIZED
                  00005e80    00000048     F2837xD_GlobalVariableDefs.obj (Sdfm2RegsFile)

McbspaRegsFile 
*          1    00006000    00000024     UNINITIALIZED
                  00006000    00000024     F2837xD_GlobalVariableDefs.obj (McbspaRegsFile)

McbspbRegsFile 
*          1    00006040    00000024     UNINITIALIZED
                  00006040    00000024     F2837xD_GlobalVariableDefs.obj (McbspbRegsFile)

SpiaRegsFile 
*          1    00006100    00000010     UNINITIALIZED
                  00006100    00000010     F2837xD_GlobalVariableDefs.obj (SpiaRegsFile)

SpibRegsFile 
*          1    00006110    00000010     UNINITIALIZED
                  00006110    00000010     F2837xD_GlobalVariableDefs.obj (SpibRegsFile)

SpicRegsFile 
*          1    00006120    00000010     UNINITIALIZED
                  00006120    00000010     F2837xD_GlobalVariableDefs.obj (SpicRegsFile)

UppRegsFile 
*          1    00006200    00000048     UNINITIALIZED
                  00006200    00000048     F2837xD_GlobalVariableDefs.obj (UppRegsFile)

WdRegsFile 
*          1    00007000    0000002b     UNINITIALIZED
                  00007000    0000002b     F2837xD_GlobalVariableDefs.obj (WdRegsFile)

NmiIntruptRegsFile 
*          1    00007060    00000007     UNINITIALIZED
                  00007060    00000007     F2837xD_GlobalVariableDefs.obj (NmiIntruptRegsFile)

XintRegsFile 
*          1    00007070    0000000b     UNINITIALIZED
                  00007070    0000000b     F2837xD_GlobalVariableDefs.obj (XintRegsFile)

SciaRegsFile 
*          1    00007200    00000010     UNINITIALIZED
                  00007200    00000010     F2837xD_GlobalVariableDefs.obj (SciaRegsFile)

ScibRegsFile 
*          1    00007210    00000010     UNINITIALIZED
                  00007210    00000010     F2837xD_GlobalVariableDefs.obj (ScibRegsFile)

ScicRegsFile 
*          1    00007220    00000010     UNINITIALIZED
                  00007220    00000010     F2837xD_GlobalVariableDefs.obj (ScicRegsFile)

ScidRegsFile 
*          1    00007230    00000010     UNINITIALIZED
                  00007230    00000010     F2837xD_GlobalVariableDefs.obj (ScidRegsFile)

InputXbarRegsFile 
*          1    00007900    00000020     UNINITIALIZED
                  00007900    00000020     F2837xD_GlobalVariableDefs.obj (InputXbarRegsFile)

XbarRegsFile 
*          1    00007920    0000000e     UNINITIALIZED
                  00007920    0000000e     F2837xD_GlobalVariableDefs.obj (XbarRegsFile)

SyncSocRegsFile 
*          1    00007940    00000006     UNINITIALIZED
                  00007940    00000006     F2837xD_GlobalVariableDefs.obj (SyncSocRegsFile)

EPwmXbarRegsFile 
*          1    00007a00    00000040     UNINITIALIZED
                  00007a00    00000040     F2837xD_GlobalVariableDefs.obj (EPwmXbarRegsFile)

ClbXbarRegsFile 
*          1    00007a40    00000040     UNINITIALIZED
                  00007a40    00000040     F2837xD_GlobalVariableDefs.obj (ClbXbarRegsFile)

OutputXbarRegsFile 
*          1    00007a80    00000040     UNINITIALIZED
                  00007a80    00000040     F2837xD_GlobalVariableDefs.obj (OutputXbarRegsFile)

GpioCtrlRegsFile 
*          1    00007c00    00000180     UNINITIALIZED
                  00007c00    00000180     F2837xD_GlobalVariableDefs.obj (GpioCtrlRegsFile)

GpioDataRegsFile 
*          1    00007f00    00000030     UNINITIALIZED
                  00007f00    00000030     F2837xD_GlobalVariableDefs.obj (GpioDataRegsFile)

IpcRegsFile 
*          1    00050000    00000024     UNINITIALIZED
                  00050000    00000024     F2837xD_GlobalVariableDefs.obj (IpcRegsFile)

FlashPumpSemaphoreRegsFile 
*          1    00050024    00000002     UNINITIALIZED
                  00050024    00000002     F2837xD_GlobalVariableDefs.obj (FlashPumpSemaphoreRegsFile)

RomPrefetchRegsFile 
*          1    0005e608    00000002     UNINITIALIZED
                  0005e608    00000002     F2837xD_GlobalVariableDefs.obj (RomPrefetchRegsFile)

DcsmZ1RegsFile 
*          1    0005f000    00000022     UNINITIALIZED
                  0005f000    00000022     F2837xD_GlobalVariableDefs.obj (DcsmZ1RegsFile)

DcsmZ2RegsFile 
*          1    0005f040    00000022     UNINITIALIZED
                  0005f040    00000022     F2837xD_GlobalVariableDefs.obj (DcsmZ2RegsFile)

DcsmCommonRegsFile 
*          1    0005f070    00000006     UNINITIALIZED
                  0005f070    00000006     F2837xD_GlobalVariableDefs.obj (DcsmCommonRegsFile)

DmaRegsFile 
*          1    00001000    000000e0     UNINITIALIZED
                  00001000    000000e0     F2837xD_GlobalVariableDefs.obj (DmaRegsFile)

DmaClaSrcSelRegsFile 
*          1    00007980    0000001a     UNINITIALIZED
                  00007980    0000001a     F2837xD_GlobalVariableDefs.obj (DmaClaSrcSelRegsFile)

Emif1RegsFile 
*          1    00047000    00000028     UNINITIALIZED
                  00047000    00000028     F2837xD_GlobalVariableDefs.obj (Emif1RegsFile)

Emif2RegsFile 
*          1    00047800    00000028     UNINITIALIZED
                  00047800    00000028     F2837xD_GlobalVariableDefs.obj (Emif2RegsFile)

MemCfgRegsFile 
*          1    0005f400    00000076     UNINITIALIZED
                  0005f400    00000076     F2837xD_GlobalVariableDefs.obj (MemCfgRegsFile)

Emif1ConfigRegsFile 
*          1    0005f480    0000000a     UNINITIALIZED
                  0005f480    0000000a     F2837xD_GlobalVariableDefs.obj (Emif1ConfigRegsFile)

Emif2ConfigRegsFile 
*          1    0005f4a0    0000000a     UNINITIALIZED
                  0005f4a0    0000000a     F2837xD_GlobalVariableDefs.obj (Emif2ConfigRegsFile)

AccessProtectionRegsFile 
*          1    0005f4c0    0000002e     UNINITIALIZED
                  0005f4c0    0000002e     F2837xD_GlobalVariableDefs.obj (AccessProtectionRegsFile)

MemoryErrorRegsFile 
*          1    0005f500    0000003a     UNINITIALIZED
                  0005f500    0000003a     F2837xD_GlobalVariableDefs.obj (MemoryErrorRegsFile)

RomWaitStateRegsFile 
*          1    0005f540    00000002     UNINITIALIZED
                  0005f540    00000002     F2837xD_GlobalVariableDefs.obj (RomWaitStateRegsFile)

Flash0CtrlRegsFile 
*          1    0005f800    00000182     UNINITIALIZED
                  0005f800    00000182     F2837xD_GlobalVariableDefs.obj (Flash0CtrlRegsFile)

Flash0EccRegsFile 
*          1    0005fb00    00000028     UNINITIALIZED
                  0005fb00    00000028     F2837xD_GlobalVariableDefs.obj (Flash0EccRegsFile)

DevCfgRegsFile 
*          1    0005d000    0000012e     UNINITIALIZED
                  0005d000    0000012e     F2837xD_GlobalVariableDefs.obj (DevCfgRegsFile)

ClkCfgRegsFile 
*          1    0005d200    00000032     UNINITIALIZED
                  0005d200    00000032     F2837xD_GlobalVariableDefs.obj (ClkCfgRegsFile)

CpuSysRegsFile 
*          1    0005d300    00000082     UNINITIALIZED
                  0005d300    00000082     F2837xD_GlobalVariableDefs.obj (CpuSysRegsFile)

.cinit     0    0008545c    000000b0     
                  0008545c    0000004d     cpu1_data.obj (.cinit)
                  000854a9    0000001c     MW_c28xIPC.obj (.cinit)
                  000854c5    0000000e     rts2800_fpu32.lib : exit.c.obj (.cinit)
                  000854d3    0000000a     c2837xDBoard_Realtime_Support.obj (.cinit)
                  000854dd    00000009     MW_c2000DAC.obj (.cinit:_MW_DAC_PTR)
                  000854e6    00000005     rts2800_fpu32.lib : _lock.c.obj (.cinit:__lock)
                  000854eb    00000005                       : _lock.c.obj (.cinit:__unlock)
                  000854f0    00000005     ert_main.obj (.cinit:_isRateRunning)
                  000854f5    00000005     ert_main.obj (.cinit:_need2runFlags)
                  000854fa    00000004     MW_c2000DAC.obj (.cinit)
                  000854fe    00000004     MW_c28xGPIO.obj (.cinit)
                  00085502    00000004     cpu1.obj (.cinit)
                  00085506    00000004     ert_main.obj (.cinit)
                  0008550a    00000002     --HOLE-- [fill = 0]

.pinit     0    00080004    00000000     UNINITIALIZED

.text      0    00080044    00005247     
                  00080044    00002b3d     cpu1.obj (.text)
                  00082b81    00000585     F2837xD_DefaultISR.obj (.text:retain)
                  00083106    00000505     can.obj (.text)
                  0008360b    000004aa     F2837xD_SysCtrl.obj (.text)
                  00083ab5    0000042d     MW_c28xIPC.obj (.text)
                  00083ee2    000002da     F2837xD_Ipc_Driver_Lite.obj (.text)
                  000841bc    0000029c     c2837xDBoard_Realtime_Support.obj (.text)
                  00084458    00000244     F2837xD_Gpio.obj (.text)
                  0008469c    000001a2     DSP28xx_SciUtil.obj (.text)
                  0008483e    000000f0     F2837xD_Adc.obj (.text)
                  0008492e    000000e6     c2837xDBoard_Realtime_Support.obj (.text:retain)
                  00084a14    000000cf     rts2800_fpu32.lib : e_fmodf.c.obj (.text)
                  00084ae3    000000aa     MW_c28xx_board.obj (.text)
                  00084b8d    0000009c     MW_c28xx_can.obj (.text)
                  00084c29    00000092     rt_nonfinite.obj (.text)
                  00084cbb    0000008e     ert_main.obj (.text)
                  00084d49    00000088     rts2800_fpu32.lib : fs_div28.asm.obj (.text)
                  00084dd1    0000007c     F2837xD_CpuTimers.obj (.text)
                  00084e4d    00000070     c2837xDSchedulerTimer0.obj (.text)
                  00084ebd    00000065     MW_c2000DAC.obj (.text)
                  00084f22    00000059     rts2800_fpu32.lib : s_floorf.c.obj (.text)
                  00084f7b    00000058                       : s_ceilf.c.obj (.text)
                  00084fd3    00000056                       : boot28.asm.obj (.text)
                  00085029    00000055     MW_c28xx_csl.obj (.text)
                  0008507e    00000044     c2837xDSchedulerTimer0.obj (.text:retain)
                  000850c2    00000044     rtGetInf.obj (.text)
                  00085106    0000003b     MW_c28xx_adc.obj (.text)
                  00085141    0000002a     interrupt.obj (.text:retain)
                  0008516b    0000002a     rtGetNaN.obj (.text)
                  00085195    00000029     rts2800_fpu32.lib : exit.c.obj (.text)
                  000851be    00000028     F2837xD_PieCtrl.obj (.text)
                  000851e6    00000026     F2837xD_PieVect.obj (.text)
                  0008520c    00000024     rts2800_fpu32.lib : cpy_tbl.c.obj (.text)
                  00085230    0000001d                       : memcpy.c.obj (.text)
                  0008524d    00000012                       : args_main.c.obj (.text)
                  0008525f    00000011     MW_c28xGlobalInterrupts.obj (.text)
                  00085270    00000009     rts2800_fpu32.lib : _lock.c.obj (.text)
                  00085279    00000008     F2837xD_CodeStartBranch.obj (.text)
                  00085281    00000007     rts2800_fpu32.lib : memset.c.obj (.text)
                  00085288    00000002                       : pre_init.c.obj (.text)
                  0008528a    00000001                       : startup.c.obj (.text)

.econst    0    0008528c    000001d0     
                  0008528c    000001c0     F2837xD_PieVect.obj (.econst:_PieVectTableInit)
                  0008544c    00000004     rts2800_fpu32.lib : e_fmodf.c.obj (.econst:_Zero)
                  00085450    00000004     cpu1.obj (.econst)
                  00085454    00000002     rtGetNaN.obj (.econst:_$P$T0$1)
                  00085456    00000002     rts2800_fpu32.lib : e_fmodf.c.obj (.econst)
                  00085458    00000002                       : s_ceilf.c.obj (.econst)
                  0008545a    00000002                       : s_floorf.c.obj (.econst)

.switch    0    0008550c    00000040     
                  0008550c    00000024     c2837xDBoard_Realtime_Support.obj (.switch:_CPU02toCPU01IPC0IntHandler)
                  00085530    0000001c     c2837xDBoard_Realtime_Support.obj (.switch:_setInXBARForCPU2)

.stack     1    00000122    00000400     UNINITIALIZED
                  00000122    00000400     --HOLE--

.reset     0    003fffc0    00000002     DSECT
                  003fffc0    00000002     rts2800_fpu32.lib : boot28.asm.obj (.reset)

PUTBUFFER 
*          1    0003fc00    00000100     UNINITIALIZED
                  0003fc00    00000100     MW_c28xIPC.obj (PUTBUFFER)

PUTWRITEIDX 
*          1    0003fd00    00000020     UNINITIALIZED
                  0003fd00    00000020     MW_c28xIPC.obj (PUTWRITEIDX)

GETREADIDX 
*          1    0003fd20    00000020     UNINITIALIZED
                  0003fd20    00000020     MW_c28xIPC.obj (GETREADIDX)

WRITEFLAG1CPU1 
*          1    0003fd40    00000020     UNINITIALIZED
                  0003fd40    00000020     MW_c28xIPC.obj (WRITEFLAG1CPU1)

WRITEFLAG2CPU1 
*          1    0003fd60    00000020     UNINITIALIZED
                  0003fd60    00000020     MW_c28xIPC.obj (WRITEFLAG2CPU1)

READFLAG1CPU1 
*          1    0003fd80    00000020     UNINITIALIZED
                  0003fd80    00000020     MW_c28xIPC.obj (READFLAG1CPU1)

READFLAG2CPU1 
*          1    0003fda0    00000020     UNINITIALIZED
                  0003fda0    00000020     MW_c28xIPC.obj (READFLAG2CPU1)

GETBUFFER 
*          0    0003f800    00000100     DSECT
                  0003f800    00000100     MW_c28xIPC.obj (GETBUFFER)

GETWRITEIDX 
*          0    0003f900    00000020     DSECT
                  0003f900    00000020     MW_c28xIPC.obj (GETWRITEIDX)

PUTREADIDX 
*          0    0003f920    00000020     DSECT
                  0003f920    00000020     MW_c28xIPC.obj (PUTREADIDX)

WRITEFLAG1CPU2 
*          0    0003f940    00000020     DSECT
                  0003f940    00000020     MW_c28xIPC.obj (WRITEFLAG1CPU2)

WRITEFLAG2CPU2 
*          0    0003f960    00000020     DSECT
                  0003f960    00000020     MW_c28xIPC.obj (WRITEFLAG2CPU2)

READFLAG1CPU2 
*          0    0003f980    00000020     DSECT
                  0003f980    00000020     MW_c28xIPC.obj (READFLAG1CPU2)

READFLAG2CPU2 
*          0    0003f9a0    00000020     DSECT
                  0003f9a0    00000020     MW_c28xIPC.obj (READFLAG2CPU2)

CPU1TOCPU2GSRAM 
*          1    0000c000    00000004     UNINITIALIZED
                  0000c000    00000004     MW_c28xIPC.obj (CPU1TOCPU2GSRAM)

.ebss.1    1    0000e000    000004f4     UNINITIALIZED
                  0000e000    00000292     cpu1.obj (.ebss)
                  0000e292    00000018     F2837xD_CpuTimers.obj (.ebss)
                  0000e2aa    00000010     can_datatype_ground.obj (.ebss)
                  0000e2ba    00000006     MW_c2000DAC.obj (.ebss:_MW_DAC_PTR)
                  0000e2c0    000001c0     MW_c28xIPC.obj (.ebss:_mwIpcControllerTx)
                  0000e480    0000004a     cpu1_data.obj (.ebss)
                  0000e4ca    0000000c     rt_nonfinite.obj (.ebss)
                  0000e4d6    00000006     c2837xDBoard_Realtime_Support.obj (.ebss)
                  0000e4dc    00000006     rts2800_fpu32.lib : exit.c.obj (.ebss)
                  0000e4e2    00000003     MW_c28xIPC.obj (.ebss)
                  0000e4e5    00000003     ert_main.obj (.ebss)
                  0000e4e8    00000002     rts2800_fpu32.lib : _lock.c.obj (.ebss:__lock)
                  0000e4ea    00000002                       : _lock.c.obj (.ebss:__unlock)
                  0000e4ec    00000002     ert_main.obj (.ebss:_isRateRunning)
                  0000e4ee    00000002     ert_main.obj (.ebss:_need2runFlags)
                  0000e4f0    00000001     MW_c2000DAC.obj (.ebss)
                  0000e4f1    00000001     MW_c28xGPIO.obj (.ebss)
                  0000e4f2    00000001     MW_c28xGlobalInterrupts.obj (.ebss)
                  0000e4f3    00000001     MW_c28xx_csl.obj (.ebss)

.ebss.2    1    0000e500    00000080     UNINITIALIZED
                  0000e500    00000040     MW_c28xIPC.obj (.ebss:_IpcGSlocation1)
                  0000e540    00000040     MW_c28xIPC.obj (.ebss:_IpcGSlocation2)

MODULE SUMMARY

       Module                              code    initialized data   uninitialized data
       ------                              ----    ----------------   ------------------
    <current directory>
       cpu1.obj                            11069   8                  658               
       F2837xD_GlobalVariableDefs.obj      0       0                  9854              
       MW_c28xIPC.obj                      1069    28                 1031              
       F2837xD_DefaultISR.obj              1413    0                  0                 
       F2837xD_SysCtrl.obj                 1304    0                  0                 
       can.obj                             1285    0                  0                 
       c2837xDBoard_Realtime_Support.obj   898     74                 6                 
       F2837xD_Ipc_Driver_Lite.obj         730     0                  0                 
       F2837xD_Gpio.obj                    580     0                  0                 
       F2837xD_PieVect.obj                 38      448                0                 
       DSP28xx_SciUtil.obj                 418     0                  0                 
       F2837xD_Adc.obj                     240     0                  0                 
       c2837xDSchedulerTimer0.obj          180     0                  0                 
       MW_c28xx_board.obj                  170     0                  0                 
       ert_main.obj                        142     14                 7                 
       rt_nonfinite.obj                    146     0                  12                
       MW_c28xx_can.obj                    156     0                  0                 
       cpu1_data.obj                       0       77                 74                
       F2837xD_CpuTimers.obj               124     0                  24                
       MW_c2000DAC.obj                     101     13                 7                 
       MW_c28xx_csl.obj                    85      0                  1                 
       rtGetInf.obj                        68      0                  0                 
       MW_c28xx_adc.obj                    59      0                  0                 
       rtGetNaN.obj                        42      2                  0                 
       interrupt.obj                       42      0                  0                 
       F2837xD_PieCtrl.obj                 40      0                  0                 
       MW_c28xGlobalInterrupts.obj         17      0                  1                 
       can_datatype_ground.obj             0       0                  16                
       F2837xD_CodeStartBranch.obj         10      0                  0                 
       F2837xD_usDelay.obj                 8       0                  0                 
       sysctl.obj                          8       0                  0                 
       MW_c28xGPIO.obj                     0       4                  1                 
    +--+-----------------------------------+-------+------------------+--------------------+
       Total:                              20442   668                11692             
                                                                                        
    C:/PROGRA~3/MATLAB/SUPPOR~1/3P778C~1.INS/TIC28X~1.INS/TI-CGT~1.LTS/lib/rts2800_fpu32.lib
       e_fmodf.c.obj                       207     6                  0                 
       fs_div28.asm.obj                    136     0                  0                 
       s_floorf.c.obj                      89      2                  0                 
       s_ceilf.c.obj                       88      2                  0                 
       boot28.asm.obj                      86      0                  0                 
       exit.c.obj                          41      14                 6                 
       cpy_tbl.c.obj                       36      0                  0                 
       memcpy.c.obj                        29      0                  0                 
       _lock.c.obj                         9       10                 4                 
       args_main.c.obj                     18      0                  0                 
       memset.c.obj                        7       0                  0                 
       pre_init.c.obj                      2       0                  0                 
       startup.c.obj                       1       0                  0                 
    +--+-----------------------------------+-------+------------------+--------------------+
       Total:                              749     34                 10                
                                                                                        
       Stack:                              0       0                  1024              
    +--+-----------------------------------+-------+------------------+--------------------+
       Grand Total:                        21191   702                12726             


GLOBAL DATA SYMBOLS: SORTED BY DATA PAGE

address     data page           name
--------    ----------------    ----
00000122       4 (00000100)     __stack

00000b00      2c (00000b00)     _AdcaResultRegs
00000b20      2c (00000b00)     _AdcbResultRegs

00000b40      2d (00000b40)     _AdccResultRegs
00000b60      2d (00000b40)     _AdcdResultRegs

00000c00      30 (00000c00)     _CpuTimer0Regs
00000c08      30 (00000c00)     _CpuTimer1Regs
00000c10      30 (00000c00)     _CpuTimer2Regs

00000ce0      33 (00000cc0)     _PieCtrlRegs

00000d00      34 (00000d00)     _PieVectTable

00001000      40 (00001000)     _DmaRegs

00001400      50 (00001400)     _Cla1Regs

00003000      c0 (00003000)     _Clb1LogicCfgRegs

00003100      c4 (00003100)     _Clb1LogicCtrlRegs

00003200      c8 (00003200)     _Clb1DataExchRegs

00003400      d0 (00003400)     _Clb2LogicCfgRegs

00003500      d4 (00003500)     _Clb2LogicCtrlRegs

00003600      d8 (00003600)     _Clb2DataExchRegs

00003800      e0 (00003800)     _Clb3LogicCfgRegs

00003900      e4 (00003900)     _Clb3LogicCtrlRegs

00003a00      e8 (00003a00)     _Clb3DataExchRegs

00003c00      f0 (00003c00)     _Clb4LogicCfgRegs

00003d00      f4 (00003d00)     _Clb4LogicCtrlRegs

00003e00      f8 (00003e00)     _Clb4DataExchRegs

00004000     100 (00004000)     _EPwm1Regs

00004100     104 (00004100)     _EPwm2Regs

00004200     108 (00004200)     _EPwm3Regs

00004300     10c (00004300)     _EPwm4Regs

00004400     110 (00004400)     _EPwm5Regs

00004500     114 (00004500)     _EPwm6Regs

00004600     118 (00004600)     _EPwm7Regs

00004700     11c (00004700)     _EPwm8Regs

00004800     120 (00004800)     _EPwm9Regs

00004900     124 (00004900)     _EPwm10Regs

00004a00     128 (00004a00)     _EPwm11Regs

00004b00     12c (00004b00)     _EPwm12Regs

00005000     140 (00005000)     _ECap1Regs
00005020     140 (00005000)     _ECap2Regs

00005040     141 (00005040)     _ECap3Regs
00005060     141 (00005040)     _ECap4Regs

00005080     142 (00005080)     _ECap5Regs
000050a0     142 (00005080)     _ECap6Regs

00005100     144 (00005100)     _EQep1Regs

00005140     145 (00005140)     _EQep2Regs

00005180     146 (00005180)     _EQep3Regs

00005c00     170 (00005c00)     _DacaRegs
00005c10     170 (00005c00)     _DacbRegs
00005c20     170 (00005c00)     _DaccRegs

00005c80     172 (00005c80)     _Cmpss1Regs
00005ca0     172 (00005c80)     _Cmpss2Regs

00005cc0     173 (00005cc0)     _Cmpss3Regs
00005ce0     173 (00005cc0)     _Cmpss4Regs

00005d00     174 (00005d00)     _Cmpss5Regs
00005d20     174 (00005d00)     _Cmpss6Regs

00005d40     175 (00005d40)     _Cmpss7Regs
00005d60     175 (00005d40)     _Cmpss8Regs

00005e00     178 (00005e00)     _Sdfm1Regs

00005e80     17a (00005e80)     _Sdfm2Regs

00006000     180 (00006000)     _McbspaRegs

00006040     181 (00006040)     _McbspbRegs

00006100     184 (00006100)     _SpiaRegs
00006110     184 (00006100)     _SpibRegs
00006120     184 (00006100)     _SpicRegs

00006200     188 (00006200)     _UppRegs

00007000     1c0 (00007000)     _WdRegs

00007060     1c1 (00007040)     _NmiIntruptRegs
00007070     1c1 (00007040)     _XintRegs

00007200     1c8 (00007200)     _SciaRegs
00007210     1c8 (00007200)     _ScibRegs
00007220     1c8 (00007200)     _ScicRegs
00007230     1c8 (00007200)     _ScidRegs

00007300     1cc (00007300)     _I2caRegs

00007340     1cd (00007340)     _I2cbRegs

00007400     1d0 (00007400)     _AdcaRegs

00007480     1d2 (00007480)     _AdcbRegs

00007500     1d4 (00007500)     _AdccRegs

00007580     1d6 (00007580)     _AdcdRegs

00007900     1e4 (00007900)     _InputXbarRegs
00007920     1e4 (00007900)     _XbarRegs

00007940     1e5 (00007940)     _SyncSocRegs

00007980     1e6 (00007980)     _DmaClaSrcSelRegs

00007a00     1e8 (00007a00)     _EPwmXbarRegs

00007a40     1e9 (00007a40)     _ClbXbarRegs

00007a80     1ea (00007a80)     _OutputXbarRegs

00007c00     1f0 (00007c00)     _GpioCtrlRegs

00007f00     1fc (00007f00)     _GpioDataRegs

0000c000     300 (0000c000)     _mwChannel0Buff1
0000c002     300 (0000c000)     _mwChannel0Buff2

0000e000     380 (0000e000)     _MW_adcAInitFlag
0000e000     380 (0000e000)     _mwCMIpcControllerTx
0000e008     380 (0000e000)     _cpu1_B

0000e040     381 (0000e040)     _cpu1_DW

0000e292     38a (0000e280)     _CpuTimer0
0000e29a     38a (0000e280)     _CpuTimer1
0000e2a2     38a (0000e280)     _CpuTimer2
0000e2aa     38a (0000e280)     _CAN_DATATYPE_GROUND
0000e2ba     38a (0000e280)     _MW_DAC_PTR

0000e2c0     38b (0000e2c0)     _mwIpcControllerTx

0000e480     392 (0000e480)     _cpu1_P

0000e4ca     393 (0000e4c0)     _rtInf
0000e4cc     393 (0000e4c0)     _rtMinusInf
0000e4ce     393 (0000e4c0)     _rtNaN
0000e4d0     393 (0000e4c0)     _rtInfF
0000e4d2     393 (0000e4c0)     _rtMinusInfF
0000e4d4     393 (0000e4c0)     _rtNaNF
0000e4d6     393 (0000e4c0)     _ErrorFlag
0000e4d8     393 (0000e4c0)     _mwInitStart
0000e4da     393 (0000e4c0)     _mwInitEnd
0000e4dc     393 (0000e4c0)     ___TI_enable_exit_profile_output
0000e4de     393 (0000e4c0)     ___TI_cleanup_ptr
0000e4e0     393 (0000e4c0)     ___TI_dtors_ptr
0000e4e2     393 (0000e4c0)     _tempChNum_write
0000e4e3     393 (0000e4c0)     _tempChNum_read
0000e4e4     393 (0000e4c0)     _isInitialized
0000e4e5     393 (0000e4c0)     _IsrOverrun
0000e4e6     393 (0000e4c0)     _stopRequested
0000e4e7     393 (0000e4c0)     _runModel
0000e4e8     393 (0000e4c0)     __lock
0000e4ea     393 (0000e4c0)     __unlock
0000e4ec     393 (0000e4c0)     _isRateRunning
0000e4ee     393 (0000e4c0)     _need2runFlags
0000e4f1     393 (0000e4c0)     _GPIO_oneTimeInit
0000e4f2     393 (0000e4c0)     _MW_InterruptDisableLock
0000e4f3     393 (0000e4c0)     _checkSCITransmitInprogress

0000e500     394 (0000e500)     _IpcGSlocation1

0000e540     395 (0000e540)     _IpcGSlocation2

0003f800     fe0 (0003f800)     _MW_IPCCPU2toCPU1Buffers

0003f900     fe4 (0003f900)     _MW_GetWriteIndexes
0003f920     fe4 (0003f900)     _MW_PutReadIndexes

0003f940     fe5 (0003f940)     _MW_WRITESTATUSBUFF1
0003f960     fe5 (0003f940)     _MW_WRITESTATUSBUFF2

0003f980     fe6 (0003f980)     _MW_READSTATUSBUFF1
0003f9a0     fe6 (0003f980)     _MW_READSTATUSBUFF2

0003fc00     ff0 (0003fc00)     _MW_IPCCPU1toCPU2Buffers

0003fd00     ff4 (0003fd00)     _MW_PutWriteIndexes
0003fd20     ff4 (0003fd00)     _MW_GetReadIndexes

0003fd40     ff5 (0003fd40)     _MW_WRITEFLAGBUFF1
0003fd60     ff5 (0003fd40)     _MW_WRITEFLAGBUFF2

0003fd80     ff6 (0003fd80)     _MW_READFLAGBUFF1
0003fda0     ff6 (0003fd80)     _MW_READFLAGBUFF2

00047000    11c0 (00047000)     _Emif1Regs

00047800    11e0 (00047800)     _Emif2Regs

00048000    1200 (00048000)     _CanaRegs

0004a000    1280 (0004a000)     _CanbRegs

00050000    1400 (00050000)     _IpcRegs
00050024    1400 (00050000)     _FlashPumpSemaphoreRegs

0005d000    1740 (0005d000)     _DevCfgRegs

0005d180    1746 (0005d180)     _AnalogSubsysRegs

0005d200    1748 (0005d200)     _ClkCfgRegs

0005d300    174c (0005d300)     _CpuSysRegs

0005e608    1798 (0005e600)     _RomPrefetchRegs

0005f000    17c0 (0005f000)     _DcsmZ1Regs

0005f040    17c1 (0005f040)     _DcsmZ2Regs
0005f070    17c1 (0005f040)     _DcsmCommonRegs

0005f400    17d0 (0005f400)     _MemCfgRegs

0005f480    17d2 (0005f480)     _Emif1ConfigRegs
0005f4a0    17d2 (0005f480)     _Emif2ConfigRegs

0005f4c0    17d3 (0005f4c0)     _AccessProtectionRegs

0005f500    17d4 (0005f500)     _MemoryErrorRegs

0005f540    17d5 (0005f540)     _RomWaitStateRegs

0005f800    17e0 (0005f800)     _Flash0CtrlRegs

0005fb00    17ec (0005fb00)     _Flash0EccRegs

0008528c    214a (00085280)     _PieVectTableInit

00085450    2151 (00085440)     _cpu1_R32GND
00085452    2151 (00085440)     _cpu1_M


GLOBAL SYMBOLS: SORTED ALPHABETICALLY BY Name 

page  address   name                                  
----  -------   ----                                  
0     00080044  .text                                 
0     00085195  C$$EXIT                               
0     00084d49  FS$$DIV                               
0     00082c3f  _ADCA1_ISR                            
0     00082ebf  _ADCA2_ISR                            
0     00082ec9  _ADCA3_ISR                            
0     00082ed3  _ADCA4_ISR                            
0     00082eb5  _ADCA_EVT_ISR                         
0     00082c49  _ADCB1_ISR                            
0     00082ee7  _ADCB2_ISR                            
0     00082ef1  _ADCB3_ISR                            
0     00082efb  _ADCB4_ISR                            
0     00082edd  _ADCB_EVT_ISR                         
0     00082c53  _ADCC1_ISR                            
0     0008304f  _ADCC2_ISR                            
0     00083059  _ADCC3_ISR                            
0     00083063  _ADCC4_ISR                            
0     00083045  _ADCC_EVT_ISR                         
0     00082c71  _ADCD1_ISR                            
0     00083077  _ADCD2_ISR                            
0     00083081  _ADCD3_ISR                            
0     0008308b  _ADCD4_ISR                            
0     0008306d  _ADCD_EVT_ISR                         
0     000830c7  _AUX_PLL_SLIP_ISR                     
1     0005f4c0  _AccessProtectionRegs                 
0     0008483e  _AdcSetMode                           
1     00007400  _AdcaRegs                             
1     00000b00  _AdcaResultRegs                       
1     00007480  _AdcbRegs                             
1     00000b20  _AdcbResultRegs                       
1     00007500  _AdccRegs                             
1     00000b40  _AdccResultRegs                       
1     00007580  _AdcdRegs                             
1     00000b60  _AdcdResultRegs                       
1     0005d180  _AnalogSubsysRegs                     
0     00083a44  _AuxAuxClkSel                         
0     00083a2e  _AuxIntOsc2Sel                        
0     00083a38  _AuxXtalOscSel                        
0     00082e8d  _CANA0_ISR                            
0     00082e97  _CANA1_ISR                            
0     00082ea1  _CANB0_ISR                            
0     00082eab  _CANB1_ISR                            
1     0000e2aa  _CAN_DATATYPE_GROUND                  
0     0008321a  _CAN_clearInterruptStatus             
0     00083591  _CAN_clearMessage                     
0     000835db  _CAN_disableAllMessageObjects         
0     000835b6  _CAN_disableMessageObject             
0     00083191  _CAN_initModule                       
0     000834bd  _CAN_readMessage                      
0     00083515  _CAN_readMessageWithID                
0     00083308  _CAN_sendMessage                      
0     00083354  _CAN_sendMessage_16bit                
0     000833a0  _CAN_sendMessage_32bit                
0     000833ec  _CAN_sendMessage_updateDLC            
0     00083485  _CAN_sendRemoteRequestMessage         
0     000831a4  _CAN_setBitRate                       
0     000831e8  _CAN_setBitTiming                     
0     0008324b  _CAN_setupMessageObject               
0     0008354b  _CAN_transferMessage                  
0     00082f05  _CLA1_1_ISR                           
0     00082f0f  _CLA1_2_ISR                           
0     00082f19  _CLA1_3_ISR                           
0     00082f23  _CLA1_4_ISR                           
0     00082f2d  _CLA1_5_ISR                           
0     00082f37  _CLA1_6_ISR                           
0     00082f41  _CLA1_7_ISR                           
0     00082f4b  _CLA1_8_ISR                           
0     000830d1  _CLA_OVERFLOW_ISR                     
0     000830db  _CLA_UNDERFLOW_ISR                    
0     0008492e  _CPU02toCPU01IPC0IntHandler           
0     000848f4  _CalAdcINL                            
1     00048000  _CanaRegs                             
1     0004a000  _CanbRegs                             
1     00001400  _Cla1Regs                             
1     00003200  _Clb1DataExchRegs                     
1     00003000  _Clb1LogicCfgRegs                     
1     00003100  _Clb1LogicCtrlRegs                    
1     00003600  _Clb2DataExchRegs                     
1     00003400  _Clb2LogicCfgRegs                     
1     00003500  _Clb2LogicCtrlRegs                    
1     00003a00  _Clb3DataExchRegs                     
1     00003800  _Clb3LogicCfgRegs                     
1     00003900  _Clb3LogicCtrlRegs                    
1     00003e00  _Clb4DataExchRegs                     
1     00003c00  _Clb4LogicCfgRegs                     
1     00003d00  _Clb4LogicCtrlRegs                    
1     00007a40  _ClbXbarRegs                          
1     0005d200  _ClkCfgRegs                           
1     00005c80  _Cmpss1Regs                           
1     00005ca0  _Cmpss2Regs                           
1     00005cc0  _Cmpss3Regs                           
1     00005ce0  _Cmpss4Regs                           
1     00005d00  _Cmpss5Regs                           
1     00005d20  _Cmpss6Regs                           
1     00005d40  _Cmpss7Regs                           
1     00005d60  _Cmpss8Regs                           
0     00084e12  _ConfigCpuTimer                       
0     00083a98  _ConfigureTMXAnalogTrim               
1     0005d300  _CpuSysRegs                           
1     0000e292  _CpuTimer0                            
1     00000c00  _CpuTimer0Regs                        
1     0000e29a  _CpuTimer1                            
1     00000c08  _CpuTimer1Regs                        
1     0000e2a2  _CpuTimer2                            
1     00000c10  _CpuTimer2Regs                        
0     000839d9  _CsmUnlock                            
0     00082b95  _DATALOG_ISR                          
0     00082dd9  _DMA_CH1_ISR                          
0     00082de3  _DMA_CH2_ISR                          
0     00082ded  _DMA_CH3_ISR                          
0     00082df7  _DMA_CH4_ISR                          
0     00082e01  _DMA_CH5_ISR                          
0     00082e0b  _DMA_CH6_ISR                          
1     00005c00  _DacaRegs                             
1     00005c10  _DacbRegs                             
1     00005c20  _DaccRegs                             
1     0005f070  _DcsmCommonRegs                       
1     0005f000  _DcsmZ1Regs                           
1     0005f040  _DcsmZ2Regs                           
0     000841b5  _DelayLoop                            
1     0005d000  _DevCfgRegs                           
0     000836ee  _DisableDog                           
0     000836af  _DisablePeripheralClocks              
1     00007980  _DmaClaSrcSelRegs                     
1     00001000  _DmaRegs                              
0     00082d2f  _ECAP1_ISR                            
0     00082d39  _ECAP2_ISR                            
0     00082d43  _ECAP3_ISR                            
0     00082d4d  _ECAP4_ISR                            
0     00082d57  _ECAP5_ISR                            
0     00082d61  _ECAP6_ISR                            
1     00005000  _ECap1Regs                            
1     00005020  _ECap2Regs                            
1     00005040  _ECap3Regs                            
1     00005060  _ECap4Regs                            
1     00005080  _ECap5Regs                            
1     000050a0  _ECap6Regs                            
0     00083095  _EMIF_ERROR_ISR                       
0     000830ef  _EMPTY_ISR                            
0     00082ba9  _EMU_ISR                              
0     00082feb  _EPWM10_ISR                           
0     00082fc3  _EPWM10_TZ_ISR                        
0     00082ff5  _EPWM11_ISR                           
0     00082fcd  _EPWM11_TZ_ISR                        
0     00082fff  _EPWM12_ISR                           
0     00082fd7  _EPWM12_TZ_ISR                        
0     00082cdf  _EPWM1_ISR                            
0     00082c8f  _EPWM1_TZ_ISR                         
0     00082ce9  _EPWM2_ISR                            
0     00082c99  _EPWM2_TZ_ISR                         
0     00082cf3  _EPWM3_ISR                            
0     00082ca3  _EPWM3_TZ_ISR                         
0     00082cfd  _EPWM4_ISR                            
0     00082cad  _EPWM4_TZ_ISR                         
0     00082d07  _EPWM5_ISR                            
0     00082cb7  _EPWM5_TZ_ISR                         
0     00082d11  _EPWM6_ISR                            
0     00082cc1  _EPWM6_TZ_ISR                         
0     00082d1b  _EPWM7_ISR                            
0     00082ccb  _EPWM7_TZ_ISR                         
0     00082d25  _EPWM8_ISR                            
0     00082cd5  _EPWM8_TZ_ISR                         
0     00082fe1  _EPWM9_ISR                            
0     00082fb9  _EPWM9_TZ_ISR                         
1     00004900  _EPwm10Regs                           
1     00004a00  _EPwm11Regs                           
1     00004b00  _EPwm12Regs                           
1     00004000  _EPwm1Regs                            
1     00004100  _EPwm2Regs                            
1     00004200  _EPwm3Regs                            
1     00004300  _EPwm4Regs                            
1     00004400  _EPwm5Regs                            
1     00004500  _EPwm6Regs                            
1     00004600  _EPwm7Regs                            
1     00004700  _EPwm8Regs                            
1     00004800  _EPwm9Regs                            
1     00007a00  _EPwmXbarRegs                         
0     00082d6b  _EQEP1_ISR                            
0     00082d75  _EQEP2_ISR                            
0     00082d7f  _EQEP3_ISR                            
1     00005100  _EQep1Regs                            
1     00005140  _EQep2Regs                            
1     00005180  _EQep3Regs                            
1     0005f480  _Emif1ConfigRegs                      
1     00047000  _Emif1Regs                            
1     0005f4a0  _Emif2ConfigRegs                      
1     00047800  _Emif2Regs                            
0     000851dd  _EnableInterrupts                     
1     0000e4d6  _ErrorFlag                            
0     00008037  _F28x_usDelay                         
0     000830a9  _FLASH_CORRECTABLE_ERROR_ISR          
0     00082f7d  _FPU_OVERFLOW_ISR                     
0     00082f87  _FPU_UNDERFLOW_ISR                    
1     0005f800  _Flash0CtrlRegs                       
1     0005fb00  _Flash0EccRegs                        
0     00008029  _FlashOff                             
1     00050024  _FlashPumpSemaphoreRegs               
0     00084651  _GPIO_EnableUnbondedIOPullups         
0     0008462c  _GPIO_EnableUnbondedIOPullupsFor100Pin
0     00084613  _GPIO_EnableUnbondedIOPullupsFor176Pin
0     00084667  _GPIO_ReadPin                         
0     000845b8  _GPIO_SetupLock                       
0     00084498  _GPIO_SetupPinMux                     
0     00084524  _GPIO_SetupPinOptions                 
0     000845e1  _GPIO_SetupXINT1Gpio                  
0     000845eb  _GPIO_SetupXINT2Gpio                  
0     000845f5  _GPIO_SetupXINT3Gpio                  
0     000845ff  _GPIO_SetupXINT4Gpio                  
0     00084609  _GPIO_SetupXINT5Gpio                  
0     0008467e  _GPIO_WritePin                        
1     0000e4f1  _GPIO_oneTimeInit                     
1     00007c00  _GpioCtrlRegs                         
1     00007f00  _GpioDataRegs                         
0     00083a62  _HALT                                 
0     00083a7b  _HIB                                  
0     00082e1f  _I2CA_FIFO_ISR                        
0     00082e15  _I2CA_ISR                             
0     00082e33  _I2CB_FIFO_ISR                        
0     00082e29  _I2CB_ISR                             
1     00007300  _I2caRegs                             
1     00007340  _I2cbRegs                             
0     00083a4e  _IDLE                                 
0     00082bbd  _ILLEGAL_ISR                          
0     00082f91  _IPC0_ISR                             
0     00082f9b  _IPC1_ISR                             
0     00082fa5  _IPC2_ISR                             
0     00082faf  _IPC3_ISR                             
0     00083e22  _IPCInit                              
0     00083f74  _IPCLiteLtoRClearBits                 
0     00083f9e  _IPCLiteLtoRClearBits_Protected       
0     00083efd  _IPCLiteLtoRDataRead                  
0     00083fc8  _IPCLiteLtoRDataWrite                 
0     00083fed  _IPCLiteLtoRDataWrite_Protected       
0     00084012  _IPCLiteLtoRFunctionCall              
0     00083ee2  _IPCLiteLtoRGetResult                 
0     00083f20  _IPCLiteLtoRSetBits                   
0     00083f4a  _IPCLiteLtoRSetBits_Protected         
0     0008402e  _IPCLiteReqMemAccess                  
0     000840d8  _IPCLiteRtoLClearBits                 
0     00084108  _IPCLiteRtoLClearBits_Protected       
0     00084052  _IPCLiteRtoLDataRead                  
0     0008413b  _IPCLiteRtoLDataWrite                 
0     00084168  _IPCLiteRtoLDataWrite_Protected       
0     00084198  _IPCLiteRtoLFunctionCall              
0     00084079  _IPCLiteRtoLSetBits                   
0     000840a7  _IPCLiteRtoLSetBits_Protected         
0     00085124  _InitAdcA                             
0     000838ea  _InitAuxPll                           
0     00084dd1  _InitCpuTimers                        
0     00008000  _InitFlash                            
0     00084458  _InitGpio                             
0     0008362b  _InitPeripheralClocks                 
0     000851be  _InitPieCtrl                          
0     000851e6  _InitPieVectTable                     
0     0008360b  _InitSysCtrl                          
0     000836fc  _InitSysPll                           
1     00007900  _InputXbarRegs                        
0     00085141  _Interrupt_defaultHandler             
0     00085157  _Interrupt_illegalOperationHandler    
0     00085161  _Interrupt_nmiHandler                 
1     0000e500  _IpcGSlocation1                       
1     0000e540  _IpcGSlocation2                       
1     00050000  _IpcRegs                              
1     0000e4e5  _IsrOverrun                           
0     00082db1  _MCBSPA_RX_ISR                        
0     00082dbb  _MCBSPA_TX_ISR                        
0     00082dc5  _MCBSPB_RX_ISR                        
0     00082dcf  _MCBSPB_TX_ISR                        
0     00084ebd  _MW_ConfigureDACA                     
0     00084ede  _MW_ConfigureDACB                     
0     00084f00  _MW_ConfigureDACC                     
1     0000e2ba  _MW_DAC_PTR                           
1     0003fd20  _MW_GetReadIndexes                    
0     0003f900  _MW_GetWriteIndexes                   
1     0003fc00  _MW_IPCCPU1toCPU2Buffers              
0     0003f800  _MW_IPCCPU2toCPU1Buffers              
0     00083dac  _MW_IPC_Read_GSRAM                    
0     00083cfb  _MW_IPC_Receive                       
0     00083c40  _MW_IPC_StatusCheck                   
0     00083ab5  _MW_IPC_Transmit                      
0     00083b9b  _MW_IPC_Write_GSRAM                   
1     0000e4f2  _MW_InterruptDisableLock              
0     0003f920  _MW_PutReadIndexes                    
1     0003fd00  _MW_PutWriteIndexes                   
1     0003fd80  _MW_READFLAGBUFF1                     
1     0003fda0  _MW_READFLAGBUFF2                     
0     0003f980  _MW_READSTATUSBUFF1                   
0     0003f9a0  _MW_READSTATUSBUFF2                   
0     00080043  _MW_RamfuncsLoadEnd                   
abs   0000003f  _MW_RamfuncsLoadSize                  
0     00080004  _MW_RamfuncsLoadStart                 
0     0000803f  _MW_RamfuncsRunEnd                    
abs   0000003f  _MW_RamfuncsRunSize                   
0     00008000  _MW_RamfuncsRunStart                  
1     0003fd40  _MW_WRITEFLAGBUFF1                    
1     0003fd60  _MW_WRITEFLAGBUFF2                    
0     0003f940  _MW_WRITESTATUSBUFF1                  
0     0003f960  _MW_WRITESTATUSBUFF2                  
1     0000e000  _MW_adcAInitFlag                      
1     00006000  _McbspaRegs                           
1     00006040  _McbspbRegs                           
1     0005f400  _MemCfgRegs                           
1     0005f500  _MemoryErrorRegs                      
0     00082bb3  _NMI_ISR                              
0     000830fc  _NOTUSED_ISR                          
1     00007060  _NmiIntruptRegs                       
1     00007a80  _OutputXbarRegs                       
0     000830e5  _PIE_RESERVED_ISR                     
1     00000ce0  _PieCtrlRegs                          
1     00000d00  _PieVectTable                         
0     0008528c  _PieVectTableInit                     
0     000830b3  _RAM_ACCESS_VIOLATION_ISR             
0     0008309f  _RAM_CORRECTABLE_ERROR_ISR            
0     00082b9f  _RTOS_ISR                             
0     00008000  _RamfuncsLoadEnd                      
abs   00000000  _RamfuncsLoadSize                     
0     00008000  _RamfuncsLoadStart                    
0     00008000  _RamfuncsRunEnd                       
abs   00000000  _RamfuncsRunSize                      
0     00008000  _RamfuncsRunStart                     
0     000836d6  _ReleaseFlashPump                     
1     0005e608  _RomPrefetchRegs                      
1     0005f540  _RomWaitStateRegs                     
0     00082e65  _SCIA_RX_ISR                          
0     00082e6f  _SCIA_TX_ISR                          
0     00082e79  _SCIB_RX_ISR                          
0     00082e83  _SCIB_TX_ISR                          
0     00082e3d  _SCIC_RX_ISR                          
0     00082e47  _SCIC_TX_ISR                          
0     00082e51  _SCID_RX_ISR                          
0     00082e5b  _SCID_TX_ISR                          
0     00083009  _SD1_ISR                              
0     00083013  _SD2_ISR                              
0     00082d89  _SPIA_RX_ISR                          
0     00082d93  _SPIA_TX_ISR                          
0     00082d9d  _SPIB_RX_ISR                          
0     00082da7  _SPIB_TX_ISR                          
0     0008301d  _SPIC_RX_ISR                          
0     00083027  _SPIC_TX_ISR                          
0     00083a57  _STANDBY                              
0     000830bd  _SYS_PLL_SLIP_ISR                     
1     00007200  _SciaRegs                             
1     00007210  _ScibRegs                             
1     00007220  _ScicRegs                             
1     00007230  _ScidRegs                             
1     00005e00  _Sdfm1Regs                            
1     00005e80  _Sdfm2Regs                            
0     000836c7  _SeizeFlashPump                       
0     000836e0  _ServiceDog                           
1     00006100  _SpiaRegs                             
1     00006110  _SpibRegs                             
1     00006120  _SpicRegs                             
1     00007940  _SyncSocRegs                          
0     0000803b  _SysCtl_delay                         
0     000839fa  _SysIntOsc1Sel                        
0     00083a0a  _SysIntOsc2Sel                        
0     00083a1e  _SysXtalOscSel                        
0     00082c7b  _TIMER0_ISR                           
0     00082b81  _TIMER1_ISR                           
0     00082b8b  _TIMER2_ISR                           
0     0008507e  _TINT0_isr                            
0     00083031  _UPPA_ISR                             
0     0008303b  _USBA_ISR                             
0     00082c21  _USER10_ISR                           
0     00082c2b  _USER11_ISR                           
0     00082c35  _USER12_ISR                           
0     00082bc7  _USER1_ISR                            
0     00082bd1  _USER2_ISR                            
0     00082bdb  _USER3_ISR                            
0     00082be5  _USER4_ISR                            
0     00082bef  _USER5_ISR                            
0     00082bf9  _USER6_ISR                            
0     00082c03  _USER7_ISR                            
0     00082c0d  _USER8_ISR                            
0     00082c17  _USER9_ISR                            
1     00006200  _UppRegs                              
0     00082f73  _VCU_ISR                              
0     00082c85  _WAKE_ISR                             
1     00007000  _WdRegs                               
0     00082c5d  _XINT1_ISR                            
0     00082c67  _XINT2_ISR                            
0     00082f55  _XINT3_ISR                            
0     00082f5f  _XINT4_ISR                            
0     00082f69  _XINT5_ISR                            
1     00007920  _XbarRegs                             
1     00007070  _XintRegs                             
1     00000522  __STACK_END                           
abs   00000400  __STACK_SIZE                          
1     0000e4de  ___TI_cleanup_ptr                     
1     0000e4e0  ___TI_dtors_ptr                       
1     0000e4dc  ___TI_enable_exit_profile_output      
abs   ffffffff  ___TI_pprof_out_hndl                  
abs   ffffffff  ___TI_prof_data_size                  
abs   ffffffff  ___TI_prof_data_start                 
abs   ffffffff  ___binit__                            
abs   ffffffff  ___c_args__                           
0     0008545c  ___cinit__                            
0     0008528b  ___etext__                            
abs   ffffffff  ___pinit__                            
0     00080044  ___text__                             
0     0008524d  __args_main                           
1     0000e4e8  __lock                                
0     00085278  __nop                                 
0     00085274  __register_lock                       
0     00085270  __register_unlock                     
1     00000122  __stack                               
0     0008528a  __system_post_cinit                   
0     00085288  __system_pre_init                     
1     0000e4ea  __unlock                              
0     00085195  _abort                                
0     0008480b  _byteswap_L8cmp                       
0     000841bc  _c2000_flash_init                     
0     00084fd3  _c_int00                              
0     00084f7b  _ceil                                 
0     00084f7b  _ceilf                                
1     0000e4f3  _checkSCITransmitInprogress           
0     00085106  _config_ADCA_SOC0                     
0     00084e4d  _configureTimer0                      
0     0008520c  _copy_in                              
1     0000e008  _cpu1_B                               
1     0000e040  _cpu1_DW                              
0     00085452  _cpu1_M                               
1     0000e480  _cpu1_P                               
0     00085450  _cpu1_R32GND                          
0     00080057  _cpu1_SetEventsForThisBaseStep        
0     000829ff  _cpu1_initialize                      
0     0008168b  _cpu1_step0                           
0     000825cc  _cpu1_step1                           
0     00082b2c  _cpu1_terminate                       
0     00084e9a  _disableTimer0Interrupt               
0     00085029  _disableWatchdog                      
0     00084e90  _enableTimer0Interrupt                
0     00085197  _exit                                 
0     00084f22  _floor                                
0     00084f22  _floorf                               
0     00084a14  _fmod                                 
0     00084a14  _fmodf                                
0     00085267  _globalInterruptDisable               
0     0008525f  _globalInterruptEnable                
0     000841d5  _initSetGPIOIPC                       
0     00085034  _init_SCI                             
0     0008506a  _init_SCI_GPIO                        
0     00084ae3  _init_board                           
0     00084bb8  _init_eCAN_B                          
1     0000e4e4  _isInitialized                        
1     0000e4ec  _isRateRunning                        
0     00084d00  _main                                 
0     00085230  _memcpy                               
0     00085281  _memset                               
1     0000e000  _mwCMIpcControllerTx                  
1     0000c000  _mwChannel0Buff1                      
1     0000c002  _mwChannel0Buff2                      
1     0000e4da  _mwInitEnd                            
1     0000e4d8  _mwInitStart                          
1     0000e2c0  _mwIpcControllerTx                    
1     0000e4ee  _need2runFlags                        
0     00084eb2  _restoreTimer0Interrupt               
0     000850c2  _rtGetInf                             
0     000850db  _rtGetInfF                            
0     000850e4  _rtGetMinusInf                        
0     000850fd  _rtGetMinusInfF                       
0     0008516b  _rtGetNaN                             
0     00085184  _rtGetNaNF                            
1     0000e4ca  _rtInf                                
1     0000e4d0  _rtInfF                               
0     00084c51  _rtIsInf                              
0     00084c69  _rtIsInfF                             
0     00084c81  _rtIsNaN                              
0     00084ca4  _rtIsNaNF                             
1     0000e4cc  _rtMinusInf                           
1     0000e4d2  _rtMinusInfF                          
1     0000e4ce  _rtNaN                                
1     0000e4d4  _rtNaNF                               
0     00084c29  _rt_InitInfAndNaN                     
0     00084cbb  _rt_OneStep                           
0     0008042e  _rt_roundf_snf                        
1     0000e4e7  _runModel                             
0     000846e3  _scia_rcv                             
0     00084742  _scia_rcv_varsize                     
0     0008469c  _scia_xmit                            
0     000843e6  _setCLBXBARForCPU2                    
0     0008438e  _setEpwmXBARForCPU2                   
0     00084265  _setGPIOForCPU2                       
0     000842b8  _setInXBARForCPU2                     
0     00084321  _setOutXBARForCPU2                    
0     00084439  _setSyncSocRegsForCPU2                
1     0000e4e6  _stopRequested                        
0     00084e8b  _stopTimer0                           
1     0000e4e3  _tempChNum_read                       
1     0000e4e2  _tempChNum_write                      
abs   ffffffff  binit                                 
0     0008545c  cinit                                 
0     00080000  code_start                            
0     0008528b  etext                                 
abs   ffffffff  pinit                                 


GLOBAL SYMBOLS: SORTED BY Symbol Address 

page  address   name                                  
----  -------   ----                                  
0     00008000  _InitFlash                            
0     00008000  _MW_RamfuncsRunStart                  
0     00008000  _RamfuncsLoadEnd                      
0     00008000  _RamfuncsLoadStart                    
0     00008000  _RamfuncsRunEnd                       
0     00008000  _RamfuncsRunStart                     
0     00008029  _FlashOff                             
0     00008037  _F28x_usDelay                         
0     0000803b  _SysCtl_delay                         
0     0000803f  _MW_RamfuncsRunEnd                    
0     0003f800  _MW_IPCCPU2toCPU1Buffers              
0     0003f900  _MW_GetWriteIndexes                   
0     0003f920  _MW_PutReadIndexes                    
0     0003f940  _MW_WRITESTATUSBUFF1                  
0     0003f960  _MW_WRITESTATUSBUFF2                  
0     0003f980  _MW_READSTATUSBUFF1                   
0     0003f9a0  _MW_READSTATUSBUFF2                   
0     00080000  code_start                            
0     00080004  _MW_RamfuncsLoadStart                 
0     00080043  _MW_RamfuncsLoadEnd                   
0     00080044  .text                                 
0     00080044  ___text__                             
0     00080057  _cpu1_SetEventsForThisBaseStep        
0     0008042e  _rt_roundf_snf                        
0     0008168b  _cpu1_step0                           
0     000825cc  _cpu1_step1                           
0     000829ff  _cpu1_initialize                      
0     00082b2c  _cpu1_terminate                       
0     00082b81  _TIMER1_ISR                           
0     00082b8b  _TIMER2_ISR                           
0     00082b95  _DATALOG_ISR                          
0     00082b9f  _RTOS_ISR                             
0     00082ba9  _EMU_ISR                              
0     00082bb3  _NMI_ISR                              
0     00082bbd  _ILLEGAL_ISR                          
0     00082bc7  _USER1_ISR                            
0     00082bd1  _USER2_ISR                            
0     00082bdb  _USER3_ISR                            
0     00082be5  _USER4_ISR                            
0     00082bef  _USER5_ISR                            
[...]
0     00082f91  _IPC0_ISR                             
0     00082f9b  _IPC1_ISR                             
0     00082fa5  _IPC2_ISR                             
0     00082faf  _IPC3_ISR                             
0     00082fb9  _EPWM9_TZ_ISR                         
0     00082fc3  _EPWM10_TZ_ISR                        
0     00082fcd  _EPWM11_TZ_ISR                        
0     00082fd7  _EPWM12_TZ_ISR                        
0     00082fe1  _EPWM9_ISR                            
0     00082feb  _EPWM10_ISR                           
0     00082ff5  _EPWM11_ISR                           
0     00082fff  _EPWM12_ISR                           
0     00083009  _SD1_ISR                              
0     00083013  _SD2_ISR                              
0     0008301d  _SPIC_RX_ISR                          
0     00083027  _SPIC_TX_ISR                          
0     00083031  _UPPA_ISR                             
0     0008303b  _USBA_ISR                             
0     00083045  _ADCC_EVT_ISR                         
0     0008304f  _ADCC2_ISR                            
0     00083059  _ADCC3_ISR                            
0     00083063  _ADCC4_ISR                            
0     0008306d  _ADCD_EVT_ISR                         
0     00083077  _ADCD2_ISR                            
0     00083081  _ADCD3_ISR                            
0     0008308b  _ADCD4_ISR                            
0     00083095  _EMIF_ERROR_ISR                       
0     0008309f  _RAM_CORRECTABLE_ERROR_ISR            
0     000830a9  _FLASH_CORRECTABLE_ERROR_ISR          
0     000830b3  _RAM_ACCESS_VIOLATION_ISR             
0     000830bd  _SYS_PLL_SLIP_ISR                     
0     000830c7  _AUX_PLL_SLIP_ISR                     
0     000830d1  _CLA_OVERFLOW_ISR                     
0     000830db  _CLA_UNDERFLOW_ISR                    
0     000830e5  _PIE_RESERVED_ISR                     
0     000830ef  _EMPTY_ISR                            
0     000830fc  _NOTUSED_ISR                          
0     00083191  _CAN_initModule                       
0     000831a4  _CAN_setBitRate                       
0     000831e8  _CAN_setBitTiming                     
0     0008321a  _CAN_clearInterruptStatus             
0     0008324b  _CAN_setupMessageObject               
0     00083308  _CAN_sendMessage                      
0     00083354  _CAN_sendMessage_16bit                
0     000833a0  _CAN_sendMessage_32bit                
0     000833ec  _CAN_sendMessage_updateDLC            
0     00083485  _CAN_sendRemoteRequestMessage         
0     000834bd  _CAN_readMessage                      
0     00083515  _CAN_readMessageWithID                
0     0008354b  _CAN_transferMessage                  
0     00083591  _CAN_clearMessage                     
0     000835b6  _CAN_disableMessageObject             
0     000835db  _CAN_disableAllMessageObjects         
0     0008360b  _InitSysCtrl                          
0     0008362b  _InitPeripheralClocks                 
0     000836af  _DisablePeripheralClocks              
0     000836c7  _SeizeFlashPump                       
0     000836d6  _ReleaseFlashPump                     
0     000836e0  _ServiceDog                           
0     000836ee  _DisableDog                           
0     000836fc  _InitSysPll                           
0     000838ea  _InitAuxPll                           
0     000839d9  _CsmUnlock                            
0     000839fa  _SysIntOsc1Sel                        
0     00083a0a  _SysIntOsc2Sel                        
0     00083a1e  _SysXtalOscSel                        
0     00083a2e  _AuxIntOsc2Sel                        
0     00083a38  _AuxXtalOscSel                        
0     00083a44  _AuxAuxClkSel                         
0     00083a4e  _IDLE                                 
0     00083a57  _STANDBY                              
0     00083a62  _HALT                                 
0     00083a7b  _HIB                                  
0     00083a98  _ConfigureTMXAnalogTrim               
0     00083ab5  _MW_IPC_Transmit                      
0     00083b9b  _MW_IPC_Write_GSRAM                   
0     00083c40  _MW_IPC_StatusCheck                   
0     00083cfb  _MW_IPC_Receive                       
0     00083dac  _MW_IPC_Read_GSRAM                    
0     00083e22  _IPCInit                              
0     00083ee2  _IPCLiteLtoRGetResult                 
0     00083efd  _IPCLiteLtoRDataRead                  
0     00083f20  _IPCLiteLtoRSetBits                   
0     00083f4a  _IPCLiteLtoRSetBits_Protected         
0     00083f74  _IPCLiteLtoRClearBits                 
0     00083f9e  _IPCLiteLtoRClearBits_Protected       
0     00083fc8  _IPCLiteLtoRDataWrite                 
0     00083fed  _IPCLiteLtoRDataWrite_Protected       
0     00084012  _IPCLiteLtoRFunctionCall              
0     0008402e  _IPCLiteReqMemAccess                  
0     00084052  _IPCLiteRtoLDataRead                  
0     00084079  _IPCLiteRtoLSetBits                   
0     000840a7  _IPCLiteRtoLSetBits_Protected         
0     000840d8  _IPCLiteRtoLClearBits                 
0     00084108  _IPCLiteRtoLClearBits_Protected       
0     0008413b  _IPCLiteRtoLDataWrite                 
0     00084168  _IPCLiteRtoLDataWrite_Protected       
0     00084198  _IPCLiteRtoLFunctionCall              
0     000841b5  _DelayLoop                            
0     000841bc  _c2000_flash_init                     
0     000841d5  _initSetGPIOIPC                       
0     00084265  _setGPIOForCPU2                       
0     000842b8  _setInXBARForCPU2                     
0     00084321  _setOutXBARForCPU2                    
0     0008438e  _setEpwmXBARForCPU2                   
0     000843e6  _setCLBXBARForCPU2                    
0     00084439  _setSyncSocRegsForCPU2                
0     00084458  _InitGpio                             
0     00084498  _GPIO_SetupPinMux                     
0     00084524  _GPIO_SetupPinOptions                 
0     000845b8  _GPIO_SetupLock                       
0     000845e1  _GPIO_SetupXINT1Gpio                  
0     000845eb  _GPIO_SetupXINT2Gpio                  
0     000845f5  _GPIO_SetupXINT3Gpio                  
0     000845ff  _GPIO_SetupXINT4Gpio                  
0     00084609  _GPIO_SetupXINT5Gpio                  
0     00084613  _GPIO_EnableUnbondedIOPullupsFor176Pin
0     0008462c  _GPIO_EnableUnbondedIOPullupsFor100Pin
0     00084651  _GPIO_EnableUnbondedIOPullups         
0     00084667  _GPIO_ReadPin                         
0     0008467e  _GPIO_WritePin                        
0     0008469c  _scia_xmit                            
0     000846e3  _scia_rcv                             
0     00084742  _scia_rcv_varsize                     
0     0008480b  _byteswap_L8cmp                       
0     0008483e  _AdcSetMode                           
0     000848f4  _CalAdcINL                            
0     0008492e  _CPU02toCPU01IPC0IntHandler           
0     00084a14  _fmod                                 
0     00084a14  _fmodf                                
0     00084ae3  _init_board                           
0     00084bb8  _init_eCAN_B                          
0     00084c29  _rt_InitInfAndNaN                     
0     00084c51  _rtIsInf                              
0     00084c69  _rtIsInfF                             
0     00084c81  _rtIsNaN                              
0     00084ca4  _rtIsNaNF                             
0     00084cbb  _rt_OneStep                           
0     00084d00  _main                                 
0     00084d49  FS$$DIV                               
0     00084dd1  _InitCpuTimers                        
0     00084e12  _ConfigCpuTimer                       
0     00084e4d  _configureTimer0                      
0     00084e8b  _stopTimer0                           
0     00084e90  _enableTimer0Interrupt                
0     00084e9a  _disableTimer0Interrupt               
0     00084eb2  _restoreTimer0Interrupt               
0     00084ebd  _MW_ConfigureDACA                     
0     00084ede  _MW_ConfigureDACB                     
0     00084f00  _MW_ConfigureDACC                     
0     00084f22  _floor                                
0     00084f22  _floorf                               
0     00084f7b  _ceil                                 
0     00084f7b  _ceilf                                
0     00084fd3  _c_int00                              
0     00085029  _disableWatchdog                      
0     00085034  _init_SCI                             
0     0008506a  _init_SCI_GPIO                        
0     0008507e  _TINT0_isr                            
0     000850c2  _rtGetInf                             
0     000850db  _rtGetInfF                            
0     000850e4  _rtGetMinusInf                        
0     000850fd  _rtGetMinusInfF                       
0     00085106  _config_ADCA_SOC0                     
0     00085124  _InitAdcA                             
0     00085141  _Interrupt_defaultHandler             
0     00085157  _Interrupt_illegalOperationHandler    
0     00085161  _Interrupt_nmiHandler                 
0     0008516b  _rtGetNaN                             
0     00085184  _rtGetNaNF                            
0     00085195  C$$EXIT                               
0     00085195  _abort                                
0     00085197  _exit                                 
0     000851be  _InitPieCtrl                          
0     000851dd  _EnableInterrupts                     
0     000851e6  _InitPieVectTable                     
0     0008520c  _copy_in                              
0     00085230  _memcpy                               
0     0008524d  __args_main                           
0     0008525f  _globalInterruptEnable                
0     00085267  _globalInterruptDisable               
0     00085270  __register_unlock                     
0     00085274  __register_lock                       
0     00085278  __nop                                 
0     00085281  _memset                               
0     00085288  __system_pre_init                     
0     0008528a  __system_post_cinit                   
0     0008528b  ___etext__                            
0     0008528b  etext                                 
0     0008528c  _PieVectTableInit                     
0     00085450  _cpu1_R32GND                          
0     00085452  _cpu1_M                               
0     0008545c  ___cinit__                            
0     0008545c  cinit                                 
1     00000122  __stack                               
1     00000522  __STACK_END                           
1     00000b00  _AdcaResultRegs                       
1     00000b20  _AdcbResultRegs                       
1     00000b40  _AdccResultRegs                       
1     00000b60  _AdcdResultRegs                       
1     00000c00  _CpuTimer0Regs                        
1     00000c08  _CpuTimer1Regs                        
1     00000c10  _CpuTimer2Regs                        
1     00000ce0  _PieCtrlRegs                          
1     00000d00  _PieVectTable                         
1     00001000  _DmaRegs                              
1     00001400  _Cla1Regs                             
1     00003000  _Clb1LogicCfgRegs                     
1     00003100  _Clb1LogicCtrlRegs                    
1     00003200  _Clb1DataExchRegs                     
1     00003400  _Clb2LogicCfgRegs                     
1     00003500  _Clb2LogicCtrlRegs                    
1     00003600  _Clb2DataExchRegs                     
1     00003800  _Clb3LogicCfgRegs                     
1     00003900  _Clb3LogicCtrlRegs                    
1     00003a00  _Clb3DataExchRegs                     
1     00003c00  _Clb4LogicCfgRegs                     
1     00003d00  _Clb4LogicCtrlRegs                    
1     00003e00  _Clb4DataExchRegs                     
1     00004000  _EPwm1Regs                            
1     00004100  _EPwm2Regs                            
1     00004200  _EPwm3Regs                            
1     00004300  _EPwm4Regs                            
1     00004400  _EPwm5Regs                            
1     00004500  _EPwm6Regs                            
1     00004600  _EPwm7Regs                            
1     00004700  _EPwm8Regs                            
1     00004800  _EPwm9Regs                            
1     00004900  _EPwm10Regs                           
1     00004a00  _EPwm11Regs                           
1     00004b00  _EPwm12Regs                           
1     00005000  _ECap1Regs                            
1     00005020  _ECap2Regs                            
1     00005040  _ECap3Regs                            
1     00005060  _ECap4Regs                            
1     00005080  _ECap5Regs                            
1     000050a0  _ECap6Regs                            
1     00005100  _EQep1Regs                            
1     00005140  _EQep2Regs                            
1     00005180  _EQep3Regs                            
1     00005c00  _DacaRegs                             
1     00005c10  _DacbRegs                             
1     00005c20  _DaccRegs                             
1     00005c80  _Cmpss1Regs                           
1     00005ca0  _Cmpss2Regs                           
1     00005cc0  _Cmpss3Regs                           
1     00005ce0  _Cmpss4Regs                           
1     00005d00  _Cmpss5Regs                           
1     00005d20  _Cmpss6Regs                           
1     00005d40  _Cmpss7Regs                           
1     00005d60  _Cmpss8Regs                           
1     00005e00  _Sdfm1Regs                            
1     00005e80  _Sdfm2Regs                            
1     00006000  _McbspaRegs                           
1     00006040  _McbspbRegs                           
1     00006100  _SpiaRegs                             
1     00006110  _SpibRegs                             
1     00006120  _SpicRegs                             
1     00006200  _UppRegs                              
1     00007000  _WdRegs                               
1     00007060  _NmiIntruptRegs                       
1     00007070  _XintRegs                             
1     00007200  _SciaRegs                             
1     00007210  _ScibRegs                             
1     00007220  _ScicRegs                             
1     00007230  _ScidRegs                             
1     00007300  _I2caRegs                             
1     00007340  _I2cbRegs                             
1     00007400  _AdcaRegs                             
1     00007480  _AdcbRegs                             
1     00007500  _AdccRegs                             
1     00007580  _AdcdRegs                             
1     00007900  _InputXbarRegs                        
1     00007920  _XbarRegs                             
1     00007940  _SyncSocRegs                          
1     00007980  _DmaClaSrcSelRegs                     
1     00007a00  _EPwmXbarRegs                         
1     00007a40  _ClbXbarRegs                          
1     00007a80  _OutputXbarRegs                       
1     00007c00  _GpioCtrlRegs                         
1     00007f00  _GpioDataRegs                         
1     0000c000  _mwChannel0Buff1                      
1     0000c002  _mwChannel0Buff2                      
1     0000e000  _MW_adcAInitFlag                      
1     0000e000  _mwCMIpcControllerTx                  
1     0000e008  _cpu1_B                               
1     0000e040  _cpu1_DW                              
1     0000e292  _CpuTimer0                            
1     0000e29a  _CpuTimer1                            
1     0000e2a2  _CpuTimer2                            
1     0000e2aa  _CAN_DATATYPE_GROUND                  
1     0000e2ba  _MW_DAC_PTR                           
1     0000e2c0  _mwIpcControllerTx                    
1     0000e480  _cpu1_P                               
1     0000e4ca  _rtInf                                
1     0000e4cc  _rtMinusInf                           
1     0000e4ce  _rtNaN                                
1     0000e4d0  _rtInfF                               
1     0000e4d2  _rtMinusInfF                          
1     0000e4d4  _rtNaNF                               
1     0000e4d6  _ErrorFlag                            
1     0000e4d8  _mwInitStart                          
1     0000e4da  _mwInitEnd                            
1     0000e4dc  ___TI_enable_exit_profile_output      
1     0000e4de  ___TI_cleanup_ptr                     
1     0000e4e0  ___TI_dtors_ptr                       
1     0000e4e2  _tempChNum_write                      
1     0000e4e3  _tempChNum_read                       
1     0000e4e4  _isInitialized                        
1     0000e4e5  _IsrOverrun                           
1     0000e4e6  _stopRequested                        
1     0000e4e7  _runModel                             
1     0000e4e8  __lock                                
1     0000e4ea  __unlock                              
1     0000e4ec  _isRateRunning                        
1     0000e4ee  _need2runFlags                        
1     0000e4f1  _GPIO_oneTimeInit                     
1     0000e4f2  _MW_InterruptDisableLock              
1     0000e4f3  _checkSCITransmitInprogress           
1     0000e500  _IpcGSlocation1                       
1     0000e540  _IpcGSlocation2                       
1     0003fc00  _MW_IPCCPU1toCPU2Buffers              
1     0003fd00  _MW_PutWriteIndexes                   
1     0003fd20  _MW_GetReadIndexes                    
1     0003fd40  _MW_WRITEFLAGBUFF1                    
1     0003fd60  _MW_WRITEFLAGBUFF2                    
1     0003fd80  _MW_READFLAGBUFF1                     
1     0003fda0  _MW_READFLAGBUFF2                     
1     00047000  _Emif1Regs                            
1     00047800  _Emif2Regs                            
1     00048000  _CanaRegs                             
1     0004a000  _CanbRegs                             
1     00050000  _IpcRegs                              
1     00050024  _FlashPumpSemaphoreRegs               
1     0005d000  _DevCfgRegs                           
1     0005d180  _AnalogSubsysRegs                     
1     0005d200  _ClkCfgRegs                           
1     0005d300  _CpuSysRegs                           
1     0005e608  _RomPrefetchRegs                      
1     0005f000  _DcsmZ1Regs                           
1     0005f040  _DcsmZ2Regs                           
1     0005f070  _DcsmCommonRegs                       
1     0005f400  _MemCfgRegs                           
1     0005f480  _Emif1ConfigRegs                      
1     0005f4a0  _Emif2ConfigRegs                      
1     0005f4c0  _AccessProtectionRegs                 
1     0005f500  _MemoryErrorRegs                      
1     0005f540  _RomWaitStateRegs                     
1     0005f800  _Flash0CtrlRegs                       
1     0005fb00  _Flash0EccRegs                        
abs   00000000  _RamfuncsLoadSize                     
abs   00000000  _RamfuncsRunSize                      
abs   0000003f  _MW_RamfuncsLoadSize                  
abs   0000003f  _MW_RamfuncsRunSize                   
abs   00000400  __STACK_SIZE                          
abs   ffffffff  ___TI_pprof_out_hndl                  
abs   ffffffff  ___TI_prof_data_size                  
abs   ffffffff  ___TI_prof_data_start                 
abs   ffffffff  ___binit__                            
abs   ffffffff  ___c_args__                           
abs   ffffffff  ___pinit__                            
abs   ffffffff  binit                                 
abs   ffffffff  pinit                                 

[495 symbols]
