******************************************************************************
             TMS320C2000 Linker PC v20.2.1                     
******************************************************************************
>> Linked Thu Apr 18 15:00:14 2024

OUTPUT FILE NAME:   <../cpu1.out>
ENTRY POINT SYMBOL: "_c_int00"  address: 00084f7e


MEMORY CONFIGURATION

         name            origin    length      used     unused   attr    fill
----------------------  --------  ---------  --------  --------  ----  --------
PAGE 0:
  BEGIN                 00000000   00000002  00000000  00000002  RWIX
  RAMLS_PROG            00008000   00002000  0000003f  00001fc1  RWIX
  BEGIN_FLASH           00080000   00000002  00000002  00000000  RWIX
  FLASHA_N              00080002   0003fffe  000054e9  0003ab15  RWIX
  RESET                 003fffc0   00000002  00000000  00000002  RWIX

PAGE 1:
  BOOT_RSVD             00000002   00000120  00000000  00000120  RWIX
  RAMM0M1               00000122   000006de  00000400  000002de  RWIX
  ADCARESULT            00000b00   00000018  00000018  00000000  RWIX
  ADCBRESULT            00000b20   00000018  00000018  00000000  RWIX
  ADCCRESULT            00000b40   00000018  00000018  00000000  RWIX
  ADCDRESULT            00000b60   00000018  00000018  00000000  RWIX
  CPU_TIMER0            00000c00   00000008  00000008  00000000  RWIX
  CPU_TIMER1            00000c08   00000008  00000008  00000000  RWIX
  CPU_TIMER2            00000c10   00000008  00000008  00000000  RWIX
  PIE_CTRL              00000ce0   00000020  0000001a  00000006  RWIX
  PIE_VECT              00000d00   00000200  000001c0  00000040  RWIX
  DMA                   00001000   00000200  000000e0  00000120  RWIX
  CLA1                  00001400   00000040  0000003e  00000002  RWIX
  CLA1_MSGRAMLOW        00001480   00000080  00000000  00000080  RWIX
  CLA1_MSGRAMHIGH       00001500   00000080  00000000  00000080  RWIX
  CLB1LOGICCFG          00003000   00000052  0000003e  00000014  RWIX
  CLB1LOGICCTRL         00003100   00000040  00000040  00000000  RWIX
  CLB1DATAEXCH          00003200   00000200  00000108  000000f8  RWIX
  CLB2LOGICCFG          00003400   00000052  0000003e  00000014  RWIX
  CLB2LOGICCTRL         00003500   00000040  00000040  00000000  RWIX
  CLB2DATAEXCH          00003600   00000200  00000108  000000f8  RWIX
  CLB3LOGICCFG          00003800   00000052  0000003e  00000014  RWIX
  CLB3LOGICCTRL         00003900   00000040  00000040  00000000  RWIX
  CLB3DATAEXCH          00003a00   00000200  00000108  000000f8  RWIX
  CLB4LOGICCFG          00003c00   00000052  0000003e  00000014  RWIX
  CLB4LOGICCTRL         00003d00   00000040  00000040  00000000  RWIX
  CLB4DATAEXCH          00003e00   00000200  00000108  000000f8  RWIX
  EPWM1                 00004000   00000100  00000100  00000000  RWIX
  EPWM2                 00004100   00000100  00000100  00000000  RWIX
  EPWM3                 00004200   00000100  00000100  00000000  RWIX
  EPWM4                 00004300   00000100  00000100  00000000  RWIX
  EPWM5                 00004400   00000100  00000100  00000000  RWIX
  EPWM6                 00004500   00000100  00000100  00000000  RWIX
  EPWM7                 00004600   00000100  00000100  00000000  RWIX
  EPWM8                 00004700   00000100  00000100  00000000  RWIX
  EPWM9                 00004800   00000100  00000100  00000000  RWIX
  EPWM10                00004900   00000100  00000100  00000000  RWIX
  EPWM11                00004a00   00000100  00000100  00000000  RWIX
  EPWM12                00004b00   00000100  00000100  00000000  RWIX
  ECAP1                 00005000   00000020  0000001a  00000006  RWIX
  ECAP2                 00005020   00000020  0000001a  00000006  RWIX
  ECAP3                 00005040   00000020  0000001a  00000006  RWIX
  ECAP4                 00005060   00000020  0000001a  00000006  RWIX
  ECAP5                 00005080   00000020  0000001a  00000006  RWIX
  ECAP6                 000050a0   00000020  0000001a  00000006  RWIX
  EQEP1                 00005100   00000040  00000022  0000001e  RWIX
  EQEP2                 00005140   00000040  00000022  0000001e  RWIX
  EQEP3                 00005180   00000040  00000022  0000001e  RWIX
  DACA                  00005c00   00000010  00000007  00000009  RWIX
  DACB                  00005c10   00000010  00000007  00000009  RWIX
  DACC                  00005c20   00000010  00000007  00000009  RWIX
  CMPSS1                00005c80   00000020  0000001b  00000005  RWIX
  CMPSS2                00005ca0   00000020  0000001b  00000005  RWIX
  CMPSS3                00005cc0   00000020  0000001b  00000005  RWIX
  CMPSS4                00005ce0   00000020  0000001b  00000005  RWIX
  CMPSS5                00005d00   00000020  0000001b  00000005  RWIX
  CMPSS6                00005d20   00000020  0000001b  00000005  RWIX
  CMPSS7                00005d40   00000020  0000001b  00000005  RWIX
  CMPSS8                00005d60   00000020  0000001b  00000005  RWIX
  SDFM1                 00005e00   00000080  00000048  00000038  RWIX
  SDFM2                 00005e80   00000080  00000048  00000038  RWIX
  MCBSPA                00006000   00000040  00000024  0000001c  RWIX
  MCBSPB                00006040   00000040  00000024  0000001c  RWIX
  SPIA                  00006100   00000010  00000010  00000000  RWIX
  SPIB                  00006110   00000010  00000010  00000000  RWIX
  SPIC                  00006120   00000010  00000010  00000000  RWIX
  SPID                  00006130   00000010  00000000  00000010  RWIX
  UPP                   00006200   00000100  00000048  000000b8  RWIX
  WD                    00007000   00000040  0000002b  00000015  RWIX
  NMIINTRUPT            00007060   00000010  00000007  00000009  RWIX
  XINT                  00007070   00000010  0000000b  00000005  RWIX
  SCIA                  00007200   00000010  00000010  00000000  RWIX
  SCIB                  00007210   00000010  00000010  00000000  RWIX
  SCIC                  00007220   00000010  00000010  00000000  RWIX
  SCID                  00007230   00000010  00000010  00000000  RWIX
  I2CA                  00007300   00000040  00000022  0000001e  RWIX
  I2CB                  00007340   00000040  00000022  0000001e  RWIX
  ADCA                  00007400   00000080  0000007c  00000004  RWIX
  ADCB                  00007480   00000080  0000007c  00000004  RWIX
  ADCC                  00007500   00000080  0000007c  00000004  RWIX
  ADCD                  00007580   00000080  0000007c  00000004  RWIX
  INPUT_XBAR            00007900   00000020  00000020  00000000  RWIX
  XBAR                  00007920   00000020  0000000e  00000012  RWIX
  SYNC_SOC              00007940   00000010  00000006  0000000a  RWIX
  DMACLASRCSEL          00007980   00000040  0000001a  00000026  RWIX
  EPWM_XBAR             00007a00   00000040  00000040  00000000  RWIX
  CLB_XBAR              00007a40   00000040  00000040  00000000  RWIX
  OUTPUT_XBAR           00007a80   00000040  00000040  00000000  RWIX
  GPIOCTRL              00007c00   00000180  00000180  00000000  RWIX
  GPIODAT               00007f00   00000030  00000030  00000000  RWIX
  RAMLS_DATA            0000a000   00001000  00000000  00001000  RWIX
  RAMD0D1               0000b000   00001000  00000000  00001000  RWIX
  RAMGS_IPCBuffCPU1     0000c000   00001000  00000004  00000ffc  RWIX
  RAMGS_IPCBuffCPU2     0000d000   00001000  00000000  00001000  RWIX
  RAMGS_DATA            0000e000   00007000  00000574  00006a8c  RWIX
  CPU2TOCPU1RAM         0003f800   00000400  00000000  00000400  RWIX
  CPU1TOCPU2RAM         0003fc00   00000400  000001c0  00000240  RWIX
  EMIF1                 00047000   00000800  00000028  000007d8  RWIX
  EMIF2                 00047800   00000800  00000028  000007d8  RWIX
  CANA                  00048000   00000200  00000164  0000009c  RWIX
  CANB                  0004a000   00000200  00000164  0000009c  RWIX
  IPC                   00050000   00000024  00000024  00000000  RWIX
  FLASHPUMPSEMAPHORE    00050024   00000002  00000002  00000000  RWIX
  DEV_CFG               0005d000   00000180  0000012e  00000052  RWIX
  ANALOG_SUBSYS         0005d180   00000080  0000003e  00000042  RWIX
  CLK_CFG               0005d200   00000100  00000032  000000ce  RWIX
  CPU_SYS               0005d300   00000100  00000082  0000007e  RWIX
  ROMPREFETCH           0005e608   00000002  00000002  00000000  RWIX
  DCSM_Z1               0005f000   00000030  00000022  0000000e  RWIX
  DCSM_Z2               0005f040   00000030  00000022  0000000e  RWIX
  DCSM_COMMON           0005f070   00000010  00000006  0000000a  RWIX
  MEMCFG                0005f400   00000080  00000076  0000000a  RWIX
  EMIF1CONFIG           0005f480   00000020  0000000a  00000016  RWIX
  EMIF2CONFIG           0005f4a0   00000020  0000000a  00000016  RWIX
  ACCESSPROTECTION      0005f4c0   00000040  0000002e  00000012  RWIX
  MEMORYERROR           0005f500   00000040  0000003a  00000006  RWIX
  ROMWAITSTATE          0005f540   00000002  00000002  00000000  RWIX
  FLASH0_CTRL           0005f800   00000300  00000182  0000017e  RWIX
  FLASH0_ECC            0005fb00   00000040  00000028  00000018  RWIX
  DCSM_Z1_OTP           00078000   00000020  00000000  00000020  RWIX
  DCSM_Z2_OTP           00078200   00000020  00000000  00000020  RWIX


SECTION ALLOCATION MAP

 output                                  attributes/
section   page    origin      length       input sections
--------  ----  ----------  ----------   ----------------
ramfuncs   0    00008000    00000000     UNINITIALIZED

codestart 
*          0    00080000    00000002     
                  00080000    00000002     F2837xD_CodeStartBranch.obj (codestart)

.TI.ramfunc 
*          0    00080004    0000003f     RUN ADDR = 00008000
                  00080004    00000037     F2837xD_SysCtrl.obj (.TI.ramfunc)
                  0008003b    00000004     F2837xD_usDelay.obj (.TI.ramfunc)
                  0008003f    00000004     sysctl.obj (.TI.ramfunc)

AdcaResultRegsFile 
*          1    00000b00    00000018     UNINITIALIZED
                  00000b00    00000018     F2837xD_GlobalVariableDefs.obj (AdcaResultRegsFile)

AdcbResultRegsFile 
*          1    00000b20    00000018     UNINITIALIZED
                  00000b20    00000018     F2837xD_GlobalVariableDefs.obj (AdcbResultRegsFile)

AdccResultRegsFile 
*          1    00000b40    00000018     UNINITIALIZED
                  00000b40    00000018     F2837xD_GlobalVariableDefs.obj (AdccResultRegsFile)

AdcdResultRegsFile 
*          1    00000b60    00000018     UNINITIALIZED
                  00000b60    00000018     F2837xD_GlobalVariableDefs.obj (AdcdResultRegsFile)

CpuTimer0RegsFile 
*          1    00000c00    00000008     UNINITIALIZED
                  00000c00    00000008     F2837xD_GlobalVariableDefs.obj (CpuTimer0RegsFile)

CpuTimer1RegsFile 
*          1    00000c08    00000008     UNINITIALIZED
                  00000c08    00000008     F2837xD_GlobalVariableDefs.obj (CpuTimer1RegsFile)

CpuTimer2RegsFile 
*          1    00000c10    00000008     UNINITIALIZED
                  00000c10    00000008     F2837xD_GlobalVariableDefs.obj (CpuTimer2RegsFile)

PieCtrlRegsFile 
*          1    00000ce0    0000001a     UNINITIALIZED
                  00000ce0    0000001a     F2837xD_GlobalVariableDefs.obj (PieCtrlRegsFile)

PieVectTableFile 
*          1    00000d00    000001c0     UNINITIALIZED
                  00000d00    000001c0     F2837xD_GlobalVariableDefs.obj (PieVectTableFile)

EmuKeyVar 
*          1    00000d00    00000000     UNINITIALIZED

EmuBModeVar 
*          1    00000d00    00000000     UNINITIALIZED

FlashCallbackVar 
*          1    00000d00    00000000     UNINITIALIZED

FlashScalingVar 
*          1    00000d00    00000000     UNINITIALIZED

Cla1RegsFile 
*          1    00001400    0000003e     UNINITIALIZED
                  00001400    0000003e     F2837xD_GlobalVariableDefs.obj (Cla1RegsFile)

Clb1LogicCfgRegsFile 
*          1    00003000    0000003e     UNINITIALIZED
                  00003000    0000003e     F2837xD_GlobalVariableDefs.obj (Clb1LogicCfgRegsFile)

Clb1LogicCtrlRegsFile 
*          1    00003100    00000040     UNINITIALIZED
                  00003100    00000040     F2837xD_GlobalVariableDefs.obj (Clb1LogicCtrlRegsFile)

Clb2LogicCfgRegsFile 
*          1    00003400    0000003e     UNINITIALIZED
                  00003400    0000003e     F2837xD_GlobalVariableDefs.obj (Clb2LogicCfgRegsFile)

Clb2LogicCtrlRegsFile 
*          1    00003500    00000040     UNINITIALIZED
                  00003500    00000040     F2837xD_GlobalVariableDefs.obj (Clb2LogicCtrlRegsFile)

Clb3LogicCfgRegsFile 
*          1    00003800    0000003e     UNINITIALIZED
                  00003800    0000003e     F2837xD_GlobalVariableDefs.obj (Clb3LogicCfgRegsFile)

Clb3LogicCtrlRegsFile 
*          1    00003900    00000040     UNINITIALIZED
                  00003900    00000040     F2837xD_GlobalVariableDefs.obj (Clb3LogicCtrlRegsFile)

Clb4LogicCfgRegsFile 
*          1    00003c00    0000003e     UNINITIALIZED
                  00003c00    0000003e     F2837xD_GlobalVariableDefs.obj (Clb4LogicCfgRegsFile)

Clb4LogicCtrlRegsFile 
*          1    00003d00    00000040     UNINITIALIZED
                  00003d00    00000040     F2837xD_GlobalVariableDefs.obj (Clb4LogicCtrlRegsFile)

EPwm1RegsFile 
*          1    00004000    00000100     UNINITIALIZED
                  00004000    00000100     F2837xD_GlobalVariableDefs.obj (EPwm1RegsFile)

EPwm2RegsFile 
*          1    00004100    00000100     UNINITIALIZED
                  00004100    00000100     F2837xD_GlobalVariableDefs.obj (EPwm2RegsFile)

EPwm3RegsFile 
*          1    00004200    00000100     UNINITIALIZED
                  00004200    00000100     F2837xD_GlobalVariableDefs.obj (EPwm3RegsFile)

EPwm4RegsFile 
*          1    00004300    00000100     UNINITIALIZED
                  00004300    00000100     F2837xD_GlobalVariableDefs.obj (EPwm4RegsFile)

EPwm5RegsFile 
*          1    00004400    00000100     UNINITIALIZED
                  00004400    00000100     F2837xD_GlobalVariableDefs.obj (EPwm5RegsFile)

EPwm6RegsFile 
*          1    00004500    00000100     UNINITIALIZED
                  00004500    00000100     F2837xD_GlobalVariableDefs.obj (EPwm6RegsFile)

EPwm7RegsFile 
*          1    00004600    00000100     UNINITIALIZED
                  00004600    00000100     F2837xD_GlobalVariableDefs.obj (EPwm7RegsFile)

EPwm8RegsFile 
*          1    00004700    00000100     UNINITIALIZED
                  00004700    00000100     F2837xD_GlobalVariableDefs.obj (EPwm8RegsFile)

EPwm9RegsFile 
*          1    00004800    00000100     UNINITIALIZED
                  00004800    00000100     F2837xD_GlobalVariableDefs.obj (EPwm9RegsFile)

EPwm10RegsFile 
*          1    00004900    00000100     UNINITIALIZED
                  00004900    00000100     F2837xD_GlobalVariableDefs.obj (EPwm10RegsFile)

EPwm11RegsFile 
*          1    00004a00    00000100     UNINITIALIZED
                  00004a00    00000100     F2837xD_GlobalVariableDefs.obj (EPwm11RegsFile)

EPwm12RegsFile 
*          1    00004b00    00000100     UNINITIALIZED
                  00004b00    00000100     F2837xD_GlobalVariableDefs.obj (EPwm12RegsFile)

ECap1RegsFile 
*          1    00005000    0000001a     UNINITIALIZED
                  00005000    0000001a     F2837xD_GlobalVariableDefs.obj (ECap1RegsFile)

ECap2RegsFile 
*          1    00005020    0000001a     UNINITIALIZED
                  00005020    0000001a     F2837xD_GlobalVariableDefs.obj (ECap2RegsFile)

ECap3RegsFile 
*          1    00005040    0000001a     UNINITIALIZED
                  00005040    0000001a     F2837xD_GlobalVariableDefs.obj (ECap3RegsFile)

ECap4RegsFile 
*          1    00005060    0000001a     UNINITIALIZED
                  00005060    0000001a     F2837xD_GlobalVariableDefs.obj (ECap4RegsFile)

ECap5RegsFile 
*          1    00005080    0000001a     UNINITIALIZED
                  00005080    0000001a     F2837xD_GlobalVariableDefs.obj (ECap5RegsFile)

ECap6RegsFile 
*          1    000050a0    0000001a     UNINITIALIZED
                  000050a0    0000001a     F2837xD_GlobalVariableDefs.obj (ECap6RegsFile)

EQep1RegsFile 
*          1    00005100    00000022     UNINITIALIZED
                  00005100    00000022     F2837xD_GlobalVariableDefs.obj (EQep1RegsFile)

EQep2RegsFile 
*          1    00005140    00000022     UNINITIALIZED
                  00005140    00000022     F2837xD_GlobalVariableDefs.obj (EQep2RegsFile)

EQep3RegsFile 
*          1    00005180    00000022     UNINITIALIZED
                  00005180    00000022     F2837xD_GlobalVariableDefs.obj (EQep3RegsFile)

DacaRegsFile 
*          1    00005c00    00000007     UNINITIALIZED
                  00005c00    00000007     F2837xD_GlobalVariableDefs.obj (DacaRegsFile)

DacbRegsFile 
*          1    00005c10    00000007     UNINITIALIZED
                  00005c10    00000007     F2837xD_GlobalVariableDefs.obj (DacbRegsFile)

DaccRegsFile 
*          1    00005c20    00000007     UNINITIALIZED
                  00005c20    00000007     F2837xD_GlobalVariableDefs.obj (DaccRegsFile)

Cmpss1RegsFile 
*          1    00005c80    0000001b     UNINITIALIZED
                  00005c80    0000001b     F2837xD_GlobalVariableDefs.obj (Cmpss1RegsFile)

Cmpss2RegsFile 
*          1    00005ca0    0000001b     UNINITIALIZED
                  00005ca0    0000001b     F2837xD_GlobalVariableDefs.obj (Cmpss2RegsFile)

Cmpss3RegsFile 
*          1    00005cc0    0000001b     UNINITIALIZED
                  00005cc0    0000001b     F2837xD_GlobalVariableDefs.obj (Cmpss3RegsFile)

Cmpss4RegsFile 
*          1    00005ce0    0000001b     UNINITIALIZED
                  00005ce0    0000001b     F2837xD_GlobalVariableDefs.obj (Cmpss4RegsFile)

Cmpss5RegsFile 
*          1    00005d00    0000001b     UNINITIALIZED
                  00005d00    0000001b     F2837xD_GlobalVariableDefs.obj (Cmpss5RegsFile)

Cmpss6RegsFile 
*          1    00005d20    0000001b     UNINITIALIZED
                  00005d20    0000001b     F2837xD_GlobalVariableDefs.obj (Cmpss6RegsFile)

Cmpss7RegsFile 
*          1    00005d40    0000001b     UNINITIALIZED
                  00005d40    0000001b     F2837xD_GlobalVariableDefs.obj (Cmpss7RegsFile)

Cmpss8RegsFile 
*          1    00005d60    0000001b     UNINITIALIZED
                  00005d60    0000001b     F2837xD_GlobalVariableDefs.obj (Cmpss8RegsFile)

I2caRegsFile 
*          1    00007300    00000022     UNINITIALIZED
                  00007300    00000022     F2837xD_GlobalVariableDefs.obj (I2caRegsFile)

I2cbRegsFile 
*          1    00007340    00000022     UNINITIALIZED
                  00007340    00000022     F2837xD_GlobalVariableDefs.obj (I2cbRegsFile)

AdcaRegsFile 
*          1    00007400    0000007c     UNINITIALIZED
                  00007400    0000007c     F2837xD_GlobalVariableDefs.obj (AdcaRegsFile)

AdcbRegsFile 
*          1    00007480    0000007c     UNINITIALIZED
                  00007480    0000007c     F2837xD_GlobalVariableDefs.obj (AdcbRegsFile)

AdccRegsFile 
*          1    00007500    0000007c     UNINITIALIZED
                  00007500    0000007c     F2837xD_GlobalVariableDefs.obj (AdccRegsFile)

AdcdRegsFile 
*          1    00007580    0000007c     UNINITIALIZED
                  00007580    0000007c     F2837xD_GlobalVariableDefs.obj (AdcdRegsFile)

CanaRegsFile 
*          1    00048000    00000164     UNINITIALIZED
                  00048000    00000164     F2837xD_GlobalVariableDefs.obj (CanaRegsFile)

CanbRegsFile 
*          1    0004a000    00000164     UNINITIALIZED
                  0004a000    00000164     F2837xD_GlobalVariableDefs.obj (CanbRegsFile)

AnalogSubsysRegsFile 
*          1    0005d180    0000003e     UNINITIALIZED
                  0005d180    0000003e     F2837xD_GlobalVariableDefs.obj (AnalogSubsysRegsFile)

Cla1SoftIntRegsFile 
*          1    00000ce0    00000000     DSECT

Clb1DataExchRegsFile 
*          1    00003200    00000108     UNINITIALIZED
                  00003200    00000108     F2837xD_GlobalVariableDefs.obj (Clb1DataExchRegsFile)

Clb2DataExchRegsFile 
*          1    00003600    00000108     UNINITIALIZED
                  00003600    00000108     F2837xD_GlobalVariableDefs.obj (Clb2DataExchRegsFile)

Clb3DataExchRegsFile 
*          1    00003a00    00000108     UNINITIALIZED
                  00003a00    00000108     F2837xD_GlobalVariableDefs.obj (Clb3DataExchRegsFile)

Clb4DataExchRegsFile 
*          1    00003e00    00000108     UNINITIALIZED
                  00003e00    00000108     F2837xD_GlobalVariableDefs.obj (Clb4DataExchRegsFile)

Sdfm1RegsFile 
*          1    00005e00    00000048     UNINITIALIZED
                  00005e00    00000048     F2837xD_GlobalVariableDefs.obj (Sdfm1RegsFile)

Sdfm2RegsFile 
*          1    00005e80    00000048     UNINITIALIZED
                  00005e80    00000048     F2837xD_GlobalVariableDefs.obj (Sdfm2RegsFile)

McbspaRegsFile 
*          1    00006000    00000024     UNINITIALIZED
                  00006000    00000024     F2837xD_GlobalVariableDefs.obj (McbspaRegsFile)

McbspbRegsFile 
*          1    00006040    00000024     UNINITIALIZED
                  00006040    00000024     F2837xD_GlobalVariableDefs.obj (McbspbRegsFile)

SpiaRegsFile 
*          1    00006100    00000010     UNINITIALIZED
                  00006100    00000010     F2837xD_GlobalVariableDefs.obj (SpiaRegsFile)

SpibRegsFile 
*          1    00006110    00000010     UNINITIALIZED
                  00006110    00000010     F2837xD_GlobalVariableDefs.obj (SpibRegsFile)

SpicRegsFile 
*          1    00006120    00000010     UNINITIALIZED
                  00006120    00000010     F2837xD_GlobalVariableDefs.obj (SpicRegsFile)

UppRegsFile 
*          1    00006200    00000048     UNINITIALIZED
                  00006200    00000048     F2837xD_GlobalVariableDefs.obj (UppRegsFile)

WdRegsFile 
*          1    00007000    0000002b     UNINITIALIZED
                  00007000    0000002b     F2837xD_GlobalVariableDefs.obj (WdRegsFile)

NmiIntruptRegsFile 
*          1    00007060    00000007     UNINITIALIZED
                  00007060    00000007     F2837xD_GlobalVariableDefs.obj (NmiIntruptRegsFile)

XintRegsFile 
*          1    00007070    0000000b     UNINITIALIZED
                  00007070    0000000b     F2837xD_GlobalVariableDefs.obj (XintRegsFile)

SciaRegsFile 
*          1    00007200    00000010     UNINITIALIZED
                  00007200    00000010     F2837xD_GlobalVariableDefs.obj (SciaRegsFile)

ScibRegsFile 
*          1    00007210    00000010     UNINITIALIZED
                  00007210    00000010     F2837xD_GlobalVariableDefs.obj (ScibRegsFile)

ScicRegsFile 
*          1    00007220    00000010     UNINITIALIZED
                  00007220    00000010     F2837xD_GlobalVariableDefs.obj (ScicRegsFile)

ScidRegsFile 
*          1    00007230    00000010     UNINITIALIZED
                  00007230    00000010     F2837xD_GlobalVariableDefs.obj (ScidRegsFile)

InputXbarRegsFile 
*          1    00007900    00000020     UNINITIALIZED
                  00007900    00000020     F2837xD_GlobalVariableDefs.obj (InputXbarRegsFile)

XbarRegsFile 
*          1    00007920    0000000e     UNINITIALIZED
                  00007920    0000000e     F2837xD_GlobalVariableDefs.obj (XbarRegsFile)

SyncSocRegsFile 
*          1    00007940    00000006     UNINITIALIZED
                  00007940    00000006     F2837xD_GlobalVariableDefs.obj (SyncSocRegsFile)

EPwmXbarRegsFile 
*          1    00007a00    00000040     UNINITIALIZED
                  00007a00    00000040     F2837xD_GlobalVariableDefs.obj (EPwmXbarRegsFile)

ClbXbarRegsFile 
*          1    00007a40    00000040     UNINITIALIZED
                  00007a40    00000040     F2837xD_GlobalVariableDefs.obj (ClbXbarRegsFile)

OutputXbarRegsFile 
*          1    00007a80    00000040     UNINITIALIZED
                  00007a80    00000040     F2837xD_GlobalVariableDefs.obj (OutputXbarRegsFile)

GpioCtrlRegsFile 
*          1    00007c00    00000180     UNINITIALIZED
                  00007c00    00000180     F2837xD_GlobalVariableDefs.obj (GpioCtrlRegsFile)

GpioDataRegsFile 
*          1    00007f00    00000030     UNINITIALIZED
                  00007f00    00000030     F2837xD_GlobalVariableDefs.obj (GpioDataRegsFile)

IpcRegsFile 
*          1    00050000    00000024     UNINITIALIZED
                  00050000    00000024     F2837xD_GlobalVariableDefs.obj (IpcRegsFile)

FlashPumpSemaphoreRegsFile 
*          1    00050024    00000002     UNINITIALIZED
                  00050024    00000002     F2837xD_GlobalVariableDefs.obj (FlashPumpSemaphoreRegsFile)

RomPrefetchRegsFile 
*          1    0005e608    00000002     UNINITIALIZED
                  0005e608    00000002     F2837xD_GlobalVariableDefs.obj (RomPrefetchRegsFile)

DcsmZ1RegsFile 
*          1    0005f000    00000022     UNINITIALIZED
                  0005f000    00000022     F2837xD_GlobalVariableDefs.obj (DcsmZ1RegsFile)

DcsmZ2RegsFile 
*          1    0005f040    00000022     UNINITIALIZED
                  0005f040    00000022     F2837xD_GlobalVariableDefs.obj (DcsmZ2RegsFile)

DcsmCommonRegsFile 
*          1    0005f070    00000006     UNINITIALIZED
                  0005f070    00000006     F2837xD_GlobalVariableDefs.obj (DcsmCommonRegsFile)

DmaRegsFile 
*          1    00001000    000000e0     UNINITIALIZED
                  00001000    000000e0     F2837xD_GlobalVariableDefs.obj (DmaRegsFile)

DmaClaSrcSelRegsFile 
*          1    00007980    0000001a     UNINITIALIZED
                  00007980    0000001a     F2837xD_GlobalVariableDefs.obj (DmaClaSrcSelRegsFile)

Emif1RegsFile 
*          1    00047000    00000028     UNINITIALIZED
                  00047000    00000028     F2837xD_GlobalVariableDefs.obj (Emif1RegsFile)

Emif2RegsFile 
*          1    00047800    00000028     UNINITIALIZED
                  00047800    00000028     F2837xD_GlobalVariableDefs.obj (Emif2RegsFile)

MemCfgRegsFile 
*          1    0005f400    00000076     UNINITIALIZED
                  0005f400    00000076     F2837xD_GlobalVariableDefs.obj (MemCfgRegsFile)

Emif1ConfigRegsFile 
*          1    0005f480    0000000a     UNINITIALIZED
                  0005f480    0000000a     F2837xD_GlobalVariableDefs.obj (Emif1ConfigRegsFile)

Emif2ConfigRegsFile 
*          1    0005f4a0    0000000a     UNINITIALIZED
                  0005f4a0    0000000a     F2837xD_GlobalVariableDefs.obj (Emif2ConfigRegsFile)

AccessProtectionRegsFile 
*          1    0005f4c0    0000002e     UNINITIALIZED
                  0005f4c0    0000002e     F2837xD_GlobalVariableDefs.obj (AccessProtectionRegsFile)

MemoryErrorRegsFile 
*          1    0005f500    0000003a     UNINITIALIZED
                  0005f500    0000003a     F2837xD_GlobalVariableDefs.obj (MemoryErrorRegsFile)

RomWaitStateRegsFile 
*          1    0005f540    00000002     UNINITIALIZED
                  0005f540    00000002     F2837xD_GlobalVariableDefs.obj (RomWaitStateRegsFile)

Flash0CtrlRegsFile 
*          1    0005f800    00000182     UNINITIALIZED
                  0005f800    00000182     F2837xD_GlobalVariableDefs.obj (Flash0CtrlRegsFile)

Flash0EccRegsFile 
*          1    0005fb00    00000028     UNINITIALIZED
                  0005fb00    00000028     F2837xD_GlobalVariableDefs.obj (Flash0EccRegsFile)

DevCfgRegsFile 
*          1    0005d000    0000012e     UNINITIALIZED
                  0005d000    0000012e     F2837xD_GlobalVariableDefs.obj (DevCfgRegsFile)

ClkCfgRegsFile 
*          1    0005d200    00000032     UNINITIALIZED
                  0005d200    00000032     F2837xD_GlobalVariableDefs.obj (ClkCfgRegsFile)

CpuSysRegsFile 
*          1    0005d300    00000082     UNINITIALIZED
                  0005d300    00000082     F2837xD_GlobalVariableDefs.obj (CpuSysRegsFile)

.cinit     0    00085400    000000b0     
                  00085400    0000004d     cpu1_data.obj (.cinit)
                  0008544d    0000001c     MW_c28xIPC.obj (.cinit)
                  00085469    0000000e     rts2800_fpu32.lib : exit.c.obj (.cinit)
                  00085477    0000000a     c2837xDBoard_Realtime_Support.obj (.cinit)
                  00085481    00000009     MW_c2000DAC.obj (.cinit:_MW_DAC_PTR)
                  0008548a    00000005     rts2800_fpu32.lib : _lock.c.obj (.cinit:__lock)
                  0008548f    00000005                       : _lock.c.obj (.cinit:__unlock)
                  00085494    00000005     ert_main.obj (.cinit:_isRateRunning)
                  00085499    00000005     ert_main.obj (.cinit:_need2runFlags)
                  0008549e    00000004     MW_c2000DAC.obj (.cinit)
                  000854a2    00000004     MW_c28xGPIO.obj (.cinit)
                  000854a6    00000004     cpu1.obj (.cinit)
                  000854aa    00000004     ert_main.obj (.cinit)
                  000854ae    00000002     --HOLE-- [fill = 0]

.pinit     0    00080004    00000000     UNINITIALIZED

.text      0    00080044    000051ec     
                  00080044    00002b2c     cpu1.obj (.text)
                  00082b70    00000585     F2837xD_DefaultISR.obj (.text:retain)
                  000830f5    00000505     can.obj (.text)
                  000835fa    000004aa     F2837xD_SysCtrl.obj (.text)
                  00083aa4    0000042d     MW_c28xIPC.obj (.text)
                  00083ed1    000002da     F2837xD_Ipc_Driver_Lite.obj (.text)
                  000841ab    0000029c     c2837xDBoard_Realtime_Support.obj (.text)
                  00084447    00000244     F2837xD_Gpio.obj (.text)
                  0008468b    0000015e     DSP28xx_SciUtil.obj (.text)
                  000847e9    000000f0     F2837xD_Adc.obj (.text)
                  000848d9    000000e6     c2837xDBoard_Realtime_Support.obj (.text:retain)
                  000849bf    000000cf     rts2800_fpu32.lib : e_fmodf.c.obj (.text)
                  00084a8e    000000aa     MW_c28xx_board.obj (.text)
                  00084b38    0000009c     MW_c28xx_can.obj (.text)
                  00084bd4    00000092     rt_nonfinite.obj (.text)
                  00084c66    0000008e     ert_main.obj (.text)
                  00084cf4    00000088     rts2800_fpu32.lib : fs_div28.asm.obj (.text)
                  00084d7c    0000007c     F2837xD_CpuTimers.obj (.text)
                  00084df8    00000070     c2837xDSchedulerTimer0.obj (.text)
                  00084e68    00000065     MW_c2000DAC.obj (.text)
                  00084ecd    00000059     rts2800_fpu32.lib : s_floorf.c.obj (.text)
                  00084f26    00000058                       : s_ceilf.c.obj (.text)
                  00084f7e    00000056                       : boot28.asm.obj (.text)
                  00084fd4    0000004f     MW_c28xx_csl.obj (.text)
                  00085023    00000044     c2837xDSchedulerTimer0.obj (.text:retain)
                  00085067    00000044     rtGetInf.obj (.text)
                  000850ab    0000003b     MW_c28xx_adc.obj (.text)
                  000850e6    0000002a     interrupt.obj (.text:retain)
                  00085110    0000002a     rtGetNaN.obj (.text)
                  0008513a    00000029     rts2800_fpu32.lib : exit.c.obj (.text)
                  00085163    00000028     F2837xD_PieCtrl.obj (.text)
                  0008518b    00000026     F2837xD_PieVect.obj (.text)
                  000851b1    00000024     rts2800_fpu32.lib : cpy_tbl.c.obj (.text)
                  000851d5    0000001d                       : memcpy.c.obj (.text)
                  000851f2    00000012                       : args_main.c.obj (.text)
                  00085204    00000011     MW_c28xGlobalInterrupts.obj (.text)
                  00085215    00000009     rts2800_fpu32.lib : _lock.c.obj (.text)
                  0008521e    00000008     F2837xD_CodeStartBranch.obj (.text)
                  00085226    00000007     rts2800_fpu32.lib : memset.c.obj (.text)
                  0008522d    00000002                       : pre_init.c.obj (.text)
                  0008522f    00000001                       : startup.c.obj (.text)

.econst    0    00085230    000001ce     
                  00085230    000001c0     F2837xD_PieVect.obj (.econst:_PieVectTableInit)
                  000853f0    00000004     rts2800_fpu32.lib : e_fmodf.c.obj (.econst:_Zero)
                  000853f4    00000002     rtGetNaN.obj (.econst:_$P$T0$1)
                  000853f6    00000002     cpu1.obj (.econst)
                  000853f8    00000002     rts2800_fpu32.lib : e_fmodf.c.obj (.econst)
                  000853fa    00000002                       : s_ceilf.c.obj (.econst)
                  000853fc    00000002                       : s_floorf.c.obj (.econst)

.switch    0    000854b0    00000040     
                  000854b0    00000024     c2837xDBoard_Realtime_Support.obj (.switch:_CPU02toCPU01IPC0IntHandler)
                  000854d4    0000001c     c2837xDBoard_Realtime_Support.obj (.switch:_setInXBARForCPU2)

.stack     1    00000122    00000400     UNINITIALIZED
                  00000122    00000400     --HOLE--

.reset     0    003fffc0    00000002     DSECT
                  003fffc0    00000002     rts2800_fpu32.lib : boot28.asm.obj (.reset)

PUTBUFFER 
*          1    0003fc00    00000100     UNINITIALIZED
                  0003fc00    00000100     MW_c28xIPC.obj (PUTBUFFER)

PUTWRITEIDX 
*          1    0003fd00    00000020     UNINITIALIZED
                  0003fd00    00000020     MW_c28xIPC.obj (PUTWRITEIDX)

GETREADIDX 
*          1    0003fd20    00000020     UNINITIALIZED
                  0003fd20    00000020     MW_c28xIPC.obj (GETREADIDX)

WRITEFLAG1CPU1 
*          1    0003fd40    00000020     UNINITIALIZED
                  0003fd40    00000020     MW_c28xIPC.obj (WRITEFLAG1CPU1)

WRITEFLAG2CPU1 
*          1    0003fd60    00000020     UNINITIALIZED
                  0003fd60    00000020     MW_c28xIPC.obj (WRITEFLAG2CPU1)

READFLAG1CPU1 
*          1    0003fd80    00000020     UNINITIALIZED
                  0003fd80    00000020     MW_c28xIPC.obj (READFLAG1CPU1)

READFLAG2CPU1 
*          1    0003fda0    00000020     UNINITIALIZED
                  0003fda0    00000020     MW_c28xIPC.obj (READFLAG2CPU1)

GETBUFFER 
*          0    0003f800    00000100     DSECT
                  0003f800    00000100     MW_c28xIPC.obj (GETBUFFER)

GETWRITEIDX 
*          0    0003f900    00000020     DSECT
                  0003f900    00000020     MW_c28xIPC.obj (GETWRITEIDX)

PUTREADIDX 
*          0    0003f920    00000020     DSECT
                  0003f920    00000020     MW_c28xIPC.obj (PUTREADIDX)

WRITEFLAG1CPU2 
*          0    0003f940    00000020     DSECT
                  0003f940    00000020     MW_c28xIPC.obj (WRITEFLAG1CPU2)

WRITEFLAG2CPU2 
*          0    0003f960    00000020     DSECT
                  0003f960    00000020     MW_c28xIPC.obj (WRITEFLAG2CPU2)

READFLAG1CPU2 
*          0    0003f980    00000020     DSECT
                  0003f980    00000020     MW_c28xIPC.obj (READFLAG1CPU2)

READFLAG2CPU2 
*          0    0003f9a0    00000020     DSECT
                  0003f9a0    00000020     MW_c28xIPC.obj (READFLAG2CPU2)

CPU1TOCPU2GSRAM 
*          1    0000c000    00000004     UNINITIALIZED
                  0000c000    00000004     MW_c28xIPC.obj (CPU1TOCPU2GSRAM)

.ebss.1    1    0000e000    000004f4     UNINITIALIZED
                  0000e000    00000292     cpu1.obj (.ebss)
                  0000e292    00000018     F2837xD_CpuTimers.obj (.ebss)
                  0000e2aa    00000010     can_datatype_ground.obj (.ebss)
                  0000e2ba    00000006     MW_c2000DAC.obj (.ebss:_MW_DAC_PTR)
                  0000e2c0    000001c0     MW_c28xIPC.obj (.ebss:_mwIpcControllerTx)
                  0000e480    0000004a     cpu1_data.obj (.ebss)
                  0000e4ca    0000000c     rt_nonfinite.obj (.ebss)
                  0000e4d6    00000006     c2837xDBoard_Realtime_Support.obj (.ebss)
                  0000e4dc    00000006     rts2800_fpu32.lib : exit.c.obj (.ebss)
                  0000e4e2    00000003     MW_c28xIPC.obj (.ebss)
                  0000e4e5    00000003     ert_main.obj (.ebss)
                  0000e4e8    00000002     rts2800_fpu32.lib : _lock.c.obj (.ebss:__lock)
                  0000e4ea    00000002                       : _lock.c.obj (.ebss:__unlock)
                  0000e4ec    00000002     ert_main.obj (.ebss:_isRateRunning)
                  0000e4ee    00000002     ert_main.obj (.ebss:_need2runFlags)
                  0000e4f0    00000001     MW_c2000DAC.obj (.ebss)
                  0000e4f1    00000001     MW_c28xGPIO.obj (.ebss)
                  0000e4f2    00000001     MW_c28xGlobalInterrupts.obj (.ebss)
                  0000e4f3    00000001     MW_c28xx_csl.obj (.ebss)

.ebss.2    1    0000e500    00000080     UNINITIALIZED
                  0000e500    00000040     MW_c28xIPC.obj (.ebss:_IpcGSlocation1)
                  0000e540    00000040     MW_c28xIPC.obj (.ebss:_IpcGSlocation2)

MODULE SUMMARY

       Module                              code    initialized data   uninitialized data
       ------                              ----    ----------------   ------------------
    <current directory>
       cpu1.obj                            11052   6                  658               
       F2837xD_GlobalVariableDefs.obj      0       0                  9854              
       MW_c28xIPC.obj                      1069    28                 1031              
       F2837xD_DefaultISR.obj              1413    0                  0                 
       F2837xD_SysCtrl.obj                 1304    0                  0                 
       can.obj                             1285    0                  0                 
       c2837xDBoard_Realtime_Support.obj   898     74                 6                 
       F2837xD_Ipc_Driver_Lite.obj         730     0                  0                 
       F2837xD_Gpio.obj                    580     0                  0                 
       F2837xD_PieVect.obj                 38      448                0                 
       DSP28xx_SciUtil.obj                 350     0                  0                 
       F2837xD_Adc.obj                     240     0                  0                 
       c2837xDSchedulerTimer0.obj          180     0                  0                 
       MW_c28xx_board.obj                  170     0                  0                 
       ert_main.obj                        142     14                 7                 
       rt_nonfinite.obj                    146     0                  12                
       MW_c28xx_can.obj                    156     0                  0                 
       cpu1_data.obj                       0       77                 74                
       F2837xD_CpuTimers.obj               124     0                  24                
       MW_c2000DAC.obj                     101     13                 7                 
       MW_c28xx_csl.obj                    79      0                  1                 
       rtGetInf.obj                        68      0                  0                 
       MW_c28xx_adc.obj                    59      0                  0                 
       rtGetNaN.obj                        42      2                  0                 
       interrupt.obj                       42      0                  0                 
       F2837xD_PieCtrl.obj                 40      0                  0                 
       MW_c28xGlobalInterrupts.obj         17      0                  1                 
       can_datatype_ground.obj             0       0                  16                
       F2837xD_CodeStartBranch.obj         10      0                  0                 
       F2837xD_usDelay.obj                 8       0                  0                 
       sysctl.obj                          8       0                  0                 
       MW_c28xGPIO.obj                     0       4                  1                 
    +--+-----------------------------------+-------+------------------+--------------------+
       Total:                              20351   666                11692             
                                                                                        
    C:/PROGRA~3/MATLAB/SUPPOR~1/3P778C~1.INS/TIC28X~1.INS/TI-CGT~1.LTS/lib/rts2800_fpu32.lib
       e_fmodf.c.obj                       207     6                  0                 
       fs_div28.asm.obj                    136     0                  0                 
       s_floorf.c.obj                      89      2                  0                 
       s_ceilf.c.obj                       88      2                  0                 
       boot28.asm.obj                      86      0                  0                 
       exit.c.obj                          41      14                 6                 
       cpy_tbl.c.obj                       36      0                  0                 
       memcpy.c.obj                        29      0                  0                 
       _lock.c.obj                         9       10                 4                 
       args_main.c.obj                     18      0                  0                 
       memset.c.obj                        7       0                  0                 
       pre_init.c.obj                      2       0                  0                 
       startup.c.obj                       1       0                  0                 
    +--+-----------------------------------+-------+------------------+--------------------+
       Total:                              749     34                 10                
                                                                                        
       Stack:                              0       0                  1024              
    +--+-----------------------------------+-------+------------------+--------------------+
       Grand Total:                        21100   700                12726             


GLOBAL DATA SYMBOLS: SORTED BY DATA PAGE

address     data page           name
--------    ----------------    ----
00000122       4 (00000100)     __stack

00000b00      2c (00000b00)     _AdcaResultRegs
00000b20      2c (00000b00)     _AdcbResultRegs

00000b40      2d (00000b40)     _AdccResultRegs
00000b60      2d (00000b40)     _AdcdResultRegs

00000c00      30 (00000c00)     _CpuTimer0Regs
00000c08      30 (00000c00)     _CpuTimer1Regs
00000c10      30 (00000c00)     _CpuTimer2Regs

00000ce0      33 (00000cc0)     _PieCtrlRegs

00000d00      34 (00000d00)     _PieVectTable

00001000      40 (00001000)     _DmaRegs

00001400      50 (00001400)     _Cla1Regs

00003000      c0 (00003000)     _Clb1LogicCfgRegs

00003100      c4 (00003100)     _Clb1LogicCtrlRegs

00003200      c8 (00003200)     _Clb1DataExchRegs

00003400      d0 (00003400)     _Clb2LogicCfgRegs

00003500      d4 (00003500)     _Clb2LogicCtrlRegs

00003600      d8 (00003600)     _Clb2DataExchRegs

00003800      e0 (00003800)     _Clb3LogicCfgRegs

00003900      e4 (00003900)     _Clb3LogicCtrlRegs

00003a00      e8 (00003a00)     _Clb3DataExchRegs

00003c00      f0 (00003c00)     _Clb4LogicCfgRegs

00003d00      f4 (00003d00)     _Clb4LogicCtrlRegs

00003e00      f8 (00003e00)     _Clb4DataExchRegs

00004000     100 (00004000)     _EPwm1Regs

00004100     104 (00004100)     _EPwm2Regs

00004200     108 (00004200)     _EPwm3Regs

00004300     10c (00004300)     _EPwm4Regs

00004400     110 (00004400)     _EPwm5Regs

00004500     114 (00004500)     _EPwm6Regs

00004600     118 (00004600)     _EPwm7Regs

00004700     11c (00004700)     _EPwm8Regs

00004800     120 (00004800)     _EPwm9Regs

00004900     124 (00004900)     _EPwm10Regs

00004a00     128 (00004a00)     _EPwm11Regs

00004b00     12c (00004b00)     _EPwm12Regs

00005000     140 (00005000)     _ECap1Regs
00005020     140 (00005000)     _ECap2Regs

00005040     141 (00005040)     _ECap3Regs
00005060     141 (00005040)     _ECap4Regs

00005080     142 (00005080)     _ECap5Regs
000050a0     142 (00005080)     _ECap6Regs

00005100     144 (00005100)     _EQep1Regs

00005140     145 (00005140)     _EQep2Regs

00005180     146 (00005180)     _EQep3Regs

00005c00     170 (00005c00)     _DacaRegs
00005c10     170 (00005c00)     _DacbRegs
00005c20     170 (00005c00)     _DaccRegs

00005c80     172 (00005c80)     _Cmpss1Regs
00005ca0     172 (00005c80)     _Cmpss2Regs

00005cc0     173 (00005cc0)     _Cmpss3Regs
00005ce0     173 (00005cc0)     _Cmpss4Regs

00005d00     174 (00005d00)     _Cmpss5Regs
00005d20     174 (00005d00)     _Cmpss6Regs

00005d40     175 (00005d40)     _Cmpss7Regs
00005d60     175 (00005d40)     _Cmpss8Regs

00005e00     178 (00005e00)     _Sdfm1Regs

00005e80     17a (00005e80)     _Sdfm2Regs

00006000     180 (00006000)     _McbspaRegs

00006040     181 (00006040)     _McbspbRegs

00006100     184 (00006100)     _SpiaRegs
00006110     184 (00006100)     _SpibRegs
00006120     184 (00006100)     _SpicRegs

00006200     188 (00006200)     _UppRegs

00007000     1c0 (00007000)     _WdRegs

00007060     1c1 (00007040)     _NmiIntruptRegs
00007070     1c1 (00007040)     _XintRegs

00007200     1c8 (00007200)     _SciaRegs
00007210     1c8 (00007200)     _ScibRegs
00007220     1c8 (00007200)     _ScicRegs
00007230     1c8 (00007200)     _ScidRegs

00007300     1cc (00007300)     _I2caRegs

00007340     1cd (00007340)     _I2cbRegs

00007400     1d0 (00007400)     _AdcaRegs

00007480     1d2 (00007480)     _AdcbRegs

00007500     1d4 (00007500)     _AdccRegs

00007580     1d6 (00007580)     _AdcdRegs

00007900     1e4 (00007900)     _InputXbarRegs
00007920     1e4 (00007900)     _XbarRegs

00007940     1e5 (00007940)     _SyncSocRegs

00007980     1e6 (00007980)     _DmaClaSrcSelRegs

00007a00     1e8 (00007a00)     _EPwmXbarRegs

00007a40     1e9 (00007a40)     _ClbXbarRegs

00007a80     1ea (00007a80)     _OutputXbarRegs

00007c00     1f0 (00007c00)     _GpioCtrlRegs

00007f00     1fc (00007f00)     _GpioDataRegs

0000c000     300 (0000c000)     _mwChannel0Buff1
0000c002     300 (0000c000)     _mwChannel0Buff2

0000e000     380 (0000e000)     _MW_adcAInitFlag
0000e000     380 (0000e000)     _mwCMIpcControllerTx
0000e008     380 (0000e000)     _cpu1_B

0000e040     381 (0000e040)     _cpu1_DW

0000e292     38a (0000e280)     _CpuTimer0
0000e29a     38a (0000e280)     _CpuTimer1
0000e2a2     38a (0000e280)     _CpuTimer2
0000e2aa     38a (0000e280)     _CAN_DATATYPE_GROUND
0000e2ba     38a (0000e280)     _MW_DAC_PTR

0000e2c0     38b (0000e2c0)     _mwIpcControllerTx

0000e480     392 (0000e480)     _cpu1_P

0000e4ca     393 (0000e4c0)     _rtInf
0000e4cc     393 (0000e4c0)     _rtMinusInf
0000e4ce     393 (0000e4c0)     _rtNaN
0000e4d0     393 (0000e4c0)     _rtInfF
0000e4d2     393 (0000e4c0)     _rtMinusInfF
0000e4d4     393 (0000e4c0)     _rtNaNF
0000e4d6     393 (0000e4c0)     _ErrorFlag
0000e4d8     393 (0000e4c0)     _mwInitStart
0000e4da     393 (0000e4c0)     _mwInitEnd
0000e4dc     393 (0000e4c0)     ___TI_enable_exit_profile_output
0000e4de     393 (0000e4c0)     ___TI_cleanup_ptr
0000e4e0     393 (0000e4c0)     ___TI_dtors_ptr
0000e4e2     393 (0000e4c0)     _tempChNum_write
0000e4e3     393 (0000e4c0)     _tempChNum_read
0000e4e4     393 (0000e4c0)     _isInitialized
0000e4e5     393 (0000e4c0)     _IsrOverrun
0000e4e6     393 (0000e4c0)     _stopRequested
0000e4e7     393 (0000e4c0)     _runModel
0000e4e8     393 (0000e4c0)     __lock
0000e4ea     393 (0000e4c0)     __unlock
0000e4ec     393 (0000e4c0)     _isRateRunning
0000e4ee     393 (0000e4c0)     _need2runFlags
0000e4f1     393 (0000e4c0)     _GPIO_oneTimeInit
0000e4f2     393 (0000e4c0)     _MW_InterruptDisableLock
0000e4f3     393 (0000e4c0)     _checkSCITransmitInprogress

0000e500     394 (0000e500)     _IpcGSlocation1

0000e540     395 (0000e540)     _IpcGSlocation2

0003f800     fe0 (0003f800)     _MW_IPCCPU2toCPU1Buffers

0003f900     fe4 (0003f900)     _MW_GetWriteIndexes
0003f920     fe4 (0003f900)     _MW_PutReadIndexes

0003f940     fe5 (0003f940)     _MW_WRITESTATUSBUFF1
0003f960     fe5 (0003f940)     _MW_WRITESTATUSBUFF2

0003f980     fe6 (0003f980)     _MW_READSTATUSBUFF1
0003f9a0     fe6 (0003f980)     _MW_READSTATUSBUFF2

0003fc00     ff0 (0003fc00)     _MW_IPCCPU1toCPU2Buffers

0003fd00     ff4 (0003fd00)     _MW_PutWriteIndexes
0003fd20     ff4 (0003fd00)     _MW_GetReadIndexes

0003fd40     ff5 (0003fd40)     _MW_WRITEFLAGBUFF1
0003fd60     ff5 (0003fd40)     _MW_WRITEFLAGBUFF2

0003fd80     ff6 (0003fd80)     _MW_READFLAGBUFF1
0003fda0     ff6 (0003fd80)     _MW_READFLAGBUFF2

00047000    11c0 (00047000)     _Emif1Regs

00047800    11e0 (00047800)     _Emif2Regs

00048000    1200 (00048000)     _CanaRegs

0004a000    1280 (0004a000)     _CanbRegs

00050000    1400 (00050000)     _IpcRegs
00050024    1400 (00050000)     _FlashPumpSemaphoreRegs

0005d000    1740 (0005d000)     _DevCfgRegs

0005d180    1746 (0005d180)     _AnalogSubsysRegs

0005d200    1748 (0005d200)     _ClkCfgRegs

0005d300    174c (0005d300)     _CpuSysRegs

0005e608    1798 (0005e600)     _RomPrefetchRegs

0005f000    17c0 (0005f000)     _DcsmZ1Regs

0005f040    17c1 (0005f040)     _DcsmZ2Regs
0005f070    17c1 (0005f040)     _DcsmCommonRegs

0005f400    17d0 (0005f400)     _MemCfgRegs

0005f480    17d2 (0005f480)     _Emif1ConfigRegs
0005f4a0    17d2 (0005f480)     _Emif2ConfigRegs

0005f4c0    17d3 (0005f4c0)     _AccessProtectionRegs

0005f500    17d4 (0005f500)     _MemoryErrorRegs

0005f540    17d5 (0005f540)     _RomWaitStateRegs

0005f800    17e0 (0005f800)     _Flash0CtrlRegs

0005fb00    17ec (0005fb00)     _Flash0EccRegs

00085230    2148 (00085200)     _PieVectTableInit

000853f6    214f (000853c0)     _cpu1_M


GLOBAL SYMBOLS: SORTED ALPHABETICALLY BY Name 

page  address   name                                  
----  -------   ----                                  
0     00080044  .text                                 
0     0008513a  C$$EXIT                               
0     00084cf4  FS$$DIV                               
0     00082c2e  _ADCA1_ISR                            
0     00082eae  _ADCA2_ISR                            
0     00082eb8  _ADCA3_ISR                            
0     00082ec2  _ADCA4_ISR                            
0     00082ea4  _ADCA_EVT_ISR                         
0     00082c38  _ADCB1_ISR                            
0     00082ed6  _ADCB2_ISR                            
0     00082ee0  _ADCB3_ISR                            
0     00082eea  _ADCB4_ISR                            
0     00082ecc  _ADCB_EVT_ISR                         
0     00082c42  _ADCC1_ISR                            
0     0008303e  _ADCC2_ISR                            
0     00083048  _ADCC3_ISR                            
0     00083052  _ADCC4_ISR                            
0     00083034  _ADCC_EVT_ISR                         
0     00082c60  _ADCD1_ISR                            
0     00083066  _ADCD2_ISR                            
0     00083070  _ADCD3_ISR                            
0     0008307a  _ADCD4_ISR                            
0     0008305c  _ADCD_EVT_ISR                         
0     000830b6  _AUX_PLL_SLIP_ISR                     
1     0005f4c0  _AccessProtectionRegs                 
0     000847e9  _AdcSetMode                           
1     00007400  _AdcaRegs                             
1     00000b00  _AdcaResultRegs                       
1     00007480  _AdcbRegs                             
1     00000b20  _AdcbResultRegs                       
1     00007500  _AdccRegs                             
1     00000b40  _AdccResultRegs                       
1     00007580  _AdcdRegs                             
1     00000b60  _AdcdResultRegs                       
1     0005d180  _AnalogSubsysRegs                     
0     00083a33  _AuxAuxClkSel                         
0     00083a1d  _AuxIntOsc2Sel                        
0     00083a27  _AuxXtalOscSel                        
0     00082e7c  _CANA0_ISR                            
0     00082e86  _CANA1_ISR                            
0     00082e90  _CANB0_ISR                            
0     00082e9a  _CANB1_ISR                            
1     0000e2aa  _CAN_DATATYPE_GROUND                  
0     00083209  _CAN_clearInterruptStatus             
0     00083580  _CAN_clearMessage                     
0     000835ca  _CAN_disableAllMessageObjects         
0     000835a5  _CAN_disableMessageObject             
0     00083180  _CAN_initModule                       
0     000834ac  _CAN_readMessage                      
0     00083504  _CAN_readMessageWithID                
0     000832f7  _CAN_sendMessage                      
0     00083343  _CAN_sendMessage_16bit                
0     0008338f  _CAN_sendMessage_32bit                
0     000833db  _CAN_sendMessage_updateDLC            
0     00083474  _CAN_sendRemoteRequestMessage         
0     00083193  _CAN_setBitRate                       
0     000831d7  _CAN_setBitTiming                     
0     0008323a  _CAN_setupMessageObject               
0     0008353a  _CAN_transferMessage                  
0     00082ef4  _CLA1_1_ISR                           
0     00082efe  _CLA1_2_ISR                           
0     00082f08  _CLA1_3_ISR                           
0     00082f12  _CLA1_4_ISR                           
0     00082f1c  _CLA1_5_ISR                           
0     00082f26  _CLA1_6_ISR                           
0     00082f30  _CLA1_7_ISR                           
0     00082f3a  _CLA1_8_ISR                           
0     000830c0  _CLA_OVERFLOW_ISR                     
0     000830ca  _CLA_UNDERFLOW_ISR                    
0     000848d9  _CPU02toCPU01IPC0IntHandler           
0     0008489f  _CalAdcINL                            
1     00048000  _CanaRegs                             
1     0004a000  _CanbRegs                             
1     00001400  _Cla1Regs                             
1     00003200  _Clb1DataExchRegs                     
1     00003000  _Clb1LogicCfgRegs                     
1     00003100  _Clb1LogicCtrlRegs                    
1     00003600  _Clb2DataExchRegs                     
1     00003400  _Clb2LogicCfgRegs                     
1     00003500  _Clb2LogicCtrlRegs                    
1     00003a00  _Clb3DataExchRegs                     
1     00003800  _Clb3LogicCfgRegs                     
1     00003900  _Clb3LogicCtrlRegs                    
1     00003e00  _Clb4DataExchRegs                     
1     00003c00  _Clb4LogicCfgRegs                     
1     00003d00  _Clb4LogicCtrlRegs                    
1     00007a40  _ClbXbarRegs                          
1     0005d200  _ClkCfgRegs                           
1     00005c80  _Cmpss1Regs                           
1     00005ca0  _Cmpss2Regs                           
1     00005cc0  _Cmpss3Regs                           
1     00005ce0  _Cmpss4Regs                           
1     00005d00  _Cmpss5Regs                           
1     00005d20  _Cmpss6Regs                           
1     00005d40  _Cmpss7Regs                           
1     00005d60  _Cmpss8Regs                           
0     00084dbd  _ConfigCpuTimer                       
0     00083a87  _ConfigureTMXAnalogTrim               
1     0005d300  _CpuSysRegs                           
1     0000e292  _CpuTimer0                            
1     00000c00  _CpuTimer0Regs                        
1     0000e29a  _CpuTimer1                            
1     00000c08  _CpuTimer1Regs                        
1     0000e2a2  _CpuTimer2                            
1     00000c10  _CpuTimer2Regs                        
0     000839c8  _CsmUnlock                            
0     00082b84  _DATALOG_ISR                          
0     00082dc8  _DMA_CH1_ISR                          
0     00082dd2  _DMA_CH2_ISR                          
0     00082ddc  _DMA_CH3_ISR                          
0     00082de6  _DMA_CH4_ISR                          
0     00082df0  _DMA_CH5_ISR                          
0     00082dfa  _DMA_CH6_ISR                          
1     00005c00  _DacaRegs                             
1     00005c10  _DacbRegs                             
1     00005c20  _DaccRegs                             
1     0005f070  _DcsmCommonRegs                       
1     0005f000  _DcsmZ1Regs                           
1     0005f040  _DcsmZ2Regs                           
0     000841a4  _DelayLoop                            
1     0005d000  _DevCfgRegs                           
0     000836dd  _DisableDog                           
0     0008369e  _DisablePeripheralClocks              
1     00007980  _DmaClaSrcSelRegs                     
1     00001000  _DmaRegs                              
0     00082d1e  _ECAP1_ISR                            
0     00082d28  _ECAP2_ISR                            
0     00082d32  _ECAP3_ISR                            
0     00082d3c  _ECAP4_ISR                            
0     00082d46  _ECAP5_ISR                            
0     00082d50  _ECAP6_ISR                            
1     00005000  _ECap1Regs                            
1     00005020  _ECap2Regs                            
1     00005040  _ECap3Regs                            
1     00005060  _ECap4Regs                            
1     00005080  _ECap5Regs                            
1     000050a0  _ECap6Regs                            
0     00083084  _EMIF_ERROR_ISR                       
0     000830de  _EMPTY_ISR                            
0     00082b98  _EMU_ISR                              
0     00082fda  _EPWM10_ISR                           
0     00082fb2  _EPWM10_TZ_ISR                        
0     00082fe4  _EPWM11_ISR                           
0     00082fbc  _EPWM11_TZ_ISR                        
0     00082fee  _EPWM12_ISR                           
0     00082fc6  _EPWM12_TZ_ISR                        
0     00082cce  _EPWM1_ISR                            
0     00082c7e  _EPWM1_TZ_ISR                         
0     00082cd8  _EPWM2_ISR                            
0     00082c88  _EPWM2_TZ_ISR                         
0     00082ce2  _EPWM3_ISR                            
0     00082c92  _EPWM3_TZ_ISR                         
0     00082cec  _EPWM4_ISR                            
0     00082c9c  _EPWM4_TZ_ISR                         
0     00082cf6  _EPWM5_ISR                            
0     00082ca6  _EPWM5_TZ_ISR                         
0     00082d00  _EPWM6_ISR                            
0     00082cb0  _EPWM6_TZ_ISR                         
0     00082d0a  _EPWM7_ISR                            
0     00082cba  _EPWM7_TZ_ISR                         
0     00082d14  _EPWM8_ISR                            
0     00082cc4  _EPWM8_TZ_ISR                         
0     00082fd0  _EPWM9_ISR                            
0     00082fa8  _EPWM9_TZ_ISR                         
1     00004900  _EPwm10Regs                           
1     00004a00  _EPwm11Regs                           
1     00004b00  _EPwm12Regs                           
1     00004000  _EPwm1Regs                            
1     00004100  _EPwm2Regs                            
1     00004200  _EPwm3Regs                            
1     00004300  _EPwm4Regs                            
1     00004400  _EPwm5Regs                            
1     00004500  _EPwm6Regs                            
1     00004600  _EPwm7Regs                            
1     00004700  _EPwm8Regs                            
1     00004800  _EPwm9Regs                            
1     00007a00  _EPwmXbarRegs                         
0     00082d5a  _EQEP1_ISR                            
0     00082d64  _EQEP2_ISR                            
0     00082d6e  _EQEP3_ISR                            
1     00005100  _EQep1Regs                            
1     00005140  _EQep2Regs                            
1     00005180  _EQep3Regs                            
1     0005f480  _Emif1ConfigRegs                      
1     00047000  _Emif1Regs                            
1     0005f4a0  _Emif2ConfigRegs                      
1     00047800  _Emif2Regs                            
0     00085182  _EnableInterrupts                     
1     0000e4d6  _ErrorFlag                            
0     00008037  _F28x_usDelay                         
0     00083098  _FLASH_CORRECTABLE_ERROR_ISR          
0     00082f6c  _FPU_OVERFLOW_ISR                     
0     00082f76  _FPU_UNDERFLOW_ISR                    
1     0005f800  _Flash0CtrlRegs                       
1     0005fb00  _Flash0EccRegs                        
0     00008029  _FlashOff                             
1     00050024  _FlashPumpSemaphoreRegs               
0     00084640  _GPIO_EnableUnbondedIOPullups         
0     0008461b  _GPIO_EnableUnbondedIOPullupsFor100Pin
0     00084602  _GPIO_EnableUnbondedIOPullupsFor176Pin
0     00084656  _GPIO_ReadPin                         
0     000845a7  _GPIO_SetupLock                       
0     00084487  _GPIO_SetupPinMux                     
0     00084513  _GPIO_SetupPinOptions                 
0     000845d0  _GPIO_SetupXINT1Gpio                  
0     000845da  _GPIO_SetupXINT2Gpio                  
0     000845e4  _GPIO_SetupXINT3Gpio                  
0     000845ee  _GPIO_SetupXINT4Gpio                  
0     000845f8  _GPIO_SetupXINT5Gpio                  
0     0008466d  _GPIO_WritePin                        
1     0000e4f1  _GPIO_oneTimeInit                     
1     00007c00  _GpioCtrlRegs                         
1     00007f00  _GpioDataRegs                         
0     00083a51  _HALT                                 
0     00083a6a  _HIB                                  
0     00082e0e  _I2CA_FIFO_ISR                        
0     00082e04  _I2CA_ISR                             
0     00082e22  _I2CB_FIFO_ISR                        
0     00082e18  _I2CB_ISR                             
1     00007300  _I2caRegs                             
1     00007340  _I2cbRegs                             
0     00083a3d  _IDLE                                 
0     00082bac  _ILLEGAL_ISR                          
0     00082f80  _IPC0_ISR                             
0     00082f8a  _IPC1_ISR                             
0     00082f94  _IPC2_ISR                             
0     00082f9e  _IPC3_ISR                             
0     00083e11  _IPCInit                              
0     00083f63  _IPCLiteLtoRClearBits                 
0     00083f8d  _IPCLiteLtoRClearBits_Protected       
0     00083eec  _IPCLiteLtoRDataRead                  
0     00083fb7  _IPCLiteLtoRDataWrite                 
0     00083fdc  _IPCLiteLtoRDataWrite_Protected       
0     00084001  _IPCLiteLtoRFunctionCall              
0     00083ed1  _IPCLiteLtoRGetResult                 
0     00083f0f  _IPCLiteLtoRSetBits                   
0     00083f39  _IPCLiteLtoRSetBits_Protected         
0     0008401d  _IPCLiteReqMemAccess                  
0     000840c7  _IPCLiteRtoLClearBits                 
0     000840f7  _IPCLiteRtoLClearBits_Protected       
0     00084041  _IPCLiteRtoLDataRead                  
0     0008412a  _IPCLiteRtoLDataWrite                 
0     00084157  _IPCLiteRtoLDataWrite_Protected       
0     00084187  _IPCLiteRtoLFunctionCall              
0     00084068  _IPCLiteRtoLSetBits                   
0     00084096  _IPCLiteRtoLSetBits_Protected         
0     000850c9  _InitAdcA                             
0     000838d9  _InitAuxPll                           
0     00084d7c  _InitCpuTimers                        
0     00008000  _InitFlash                            
0     00084447  _InitGpio                             
0     0008361a  _InitPeripheralClocks                 
0     00085163  _InitPieCtrl                          
0     0008518b  _InitPieVectTable                     
0     000835fa  _InitSysCtrl                          
0     000836eb  _InitSysPll                           
1     00007900  _InputXbarRegs                        
0     000850e6  _Interrupt_defaultHandler             
0     000850fc  _Interrupt_illegalOperationHandler    
0     00085106  _Interrupt_nmiHandler                 
1     0000e500  _IpcGSlocation1                       
1     0000e540  _IpcGSlocation2                       
1     00050000  _IpcRegs                              
1     0000e4e5  _IsrOverrun                           
0     00082da0  _MCBSPA_RX_ISR                        
0     00082daa  _MCBSPA_TX_ISR                        
0     00082db4  _MCBSPB_RX_ISR                        
0     00082dbe  _MCBSPB_TX_ISR                        
0     00084e68  _MW_ConfigureDACA                     
0     00084e89  _MW_ConfigureDACB                     
0     00084eab  _MW_ConfigureDACC                     
1     0000e2ba  _MW_DAC_PTR                           
1     0003fd20  _MW_GetReadIndexes                    
0     0003f900  _MW_GetWriteIndexes                   
1     0003fc00  _MW_IPCCPU1toCPU2Buffers              
0     0003f800  _MW_IPCCPU2toCPU1Buffers              
0     00083d9b  _MW_IPC_Read_GSRAM                    
0     00083cea  _MW_IPC_Receive                       
0     00083c2f  _MW_IPC_StatusCheck                   
0     00083aa4  _MW_IPC_Transmit                      
0     00083b8a  _MW_IPC_Write_GSRAM                   
1     0000e4f2  _MW_InterruptDisableLock              
0     0003f920  _MW_PutReadIndexes                    
1     0003fd00  _MW_PutWriteIndexes                   
1     0003fd80  _MW_READFLAGBUFF1                     
1     0003fda0  _MW_READFLAGBUFF2                     
0     0003f980  _MW_READSTATUSBUFF1                   
0     0003f9a0  _MW_READSTATUSBUFF2                   
0     00080043  _MW_RamfuncsLoadEnd                   
abs   0000003f  _MW_RamfuncsLoadSize                  
0     00080004  _MW_RamfuncsLoadStart                 
0     0000803f  _MW_RamfuncsRunEnd                    
abs   0000003f  _MW_RamfuncsRunSize                   
0     00008000  _MW_RamfuncsRunStart                  
1     0003fd40  _MW_WRITEFLAGBUFF1                    
1     0003fd60  _MW_WRITEFLAGBUFF2                    
0     0003f940  _MW_WRITESTATUSBUFF1                  
0     0003f960  _MW_WRITESTATUSBUFF2                  
1     0000e000  _MW_adcAInitFlag                      
1     00006000  _McbspaRegs                           
1     00006040  _McbspbRegs                           
1     0005f400  _MemCfgRegs                           
1     0005f500  _MemoryErrorRegs                      
0     00082ba2  _NMI_ISR                              
0     000830eb  _NOTUSED_ISR                          
1     00007060  _NmiIntruptRegs                       
1     00007a80  _OutputXbarRegs                       
0     000830d4  _PIE_RESERVED_ISR                     
1     00000ce0  _PieCtrlRegs                          
1     00000d00  _PieVectTable                         
0     00085230  _PieVectTableInit                     
0     000830a2  _RAM_ACCESS_VIOLATION_ISR             
0     0008308e  _RAM_CORRECTABLE_ERROR_ISR            
0     00082b8e  _RTOS_ISR                             
0     00008000  _RamfuncsLoadEnd                      
abs   00000000  _RamfuncsLoadSize                     
0     00008000  _RamfuncsLoadStart                    
0     00008000  _RamfuncsRunEnd                       
abs   00000000  _RamfuncsRunSize                      
0     00008000  _RamfuncsRunStart                     
0     000836c5  _ReleaseFlashPump                     
1     0005e608  _RomPrefetchRegs                      
1     0005f540  _RomWaitStateRegs                     
0     00082e54  _SCIA_RX_ISR                          
0     00082e5e  _SCIA_TX_ISR                          
0     00082e68  _SCIB_RX_ISR                          
0     00082e72  _SCIB_TX_ISR                          
0     00082e2c  _SCIC_RX_ISR                          
0     00082e36  _SCIC_TX_ISR                          
0     00082e40  _SCID_RX_ISR                          
0     00082e4a  _SCID_TX_ISR                          
0     00082ff8  _SD1_ISR                              
0     00083002  _SD2_ISR                              
0     00082d78  _SPIA_RX_ISR                          
0     00082d82  _SPIA_TX_ISR                          
0     00082d8c  _SPIB_RX_ISR                          
0     00082d96  _SPIB_TX_ISR                          
0     0008300c  _SPIC_RX_ISR                          
0     00083016  _SPIC_TX_ISR                          
0     00083a46  _STANDBY                              
0     000830ac  _SYS_PLL_SLIP_ISR                     
1     00007200  _SciaRegs                             
1     00007210  _ScibRegs                             
1     00007220  _ScicRegs                             
1     00007230  _ScidRegs                             
1     00005e00  _Sdfm1Regs                            
1     00005e80  _Sdfm2Regs                            
0     000836b6  _SeizeFlashPump                       
0     000836cf  _ServiceDog                           
1     00006100  _SpiaRegs                             
1     00006110  _SpibRegs                             
1     00006120  _SpicRegs                             
1     00007940  _SyncSocRegs                          
0     0000803b  _SysCtl_delay                         
0     000839e9  _SysIntOsc1Sel                        
0     000839f9  _SysIntOsc2Sel                        
0     00083a0d  _SysXtalOscSel                        
0     00082c6a  _TIMER0_ISR                           
0     00082b70  _TIMER1_ISR                           
0     00082b7a  _TIMER2_ISR                           
0     00085023  _TINT0_isr                            
0     00083020  _UPPA_ISR                             
0     0008302a  _USBA_ISR                             
0     00082c10  _USER10_ISR                           
0     00082c1a  _USER11_ISR                           
0     00082c24  _USER12_ISR                           
0     00082bb6  _USER1_ISR                            
0     00082bc0  _USER2_ISR                            
0     00082bca  _USER3_ISR                            
0     00082bd4  _USER4_ISR                            
0     00082bde  _USER5_ISR                            
0     00082be8  _USER6_ISR                            
0     00082bf2  _USER7_ISR                            
0     00082bfc  _USER8_ISR                            
0     00082c06  _USER9_ISR                            
1     00006200  _UppRegs                              
0     00082f62  _VCU_ISR                              
0     00082c74  _WAKE_ISR                             
1     00007000  _WdRegs                               
0     00082c4c  _XINT1_ISR                            
0     00082c56  _XINT2_ISR                            
0     00082f44  _XINT3_ISR                            
0     00082f4e  _XINT4_ISR                            
0     00082f58  _XINT5_ISR                            
1     00007920  _XbarRegs                             
1     00007070  _XintRegs                             
1     00000522  __STACK_END                           
abs   00000400  __STACK_SIZE                          
1     0000e4de  ___TI_cleanup_ptr                     
1     0000e4e0  ___TI_dtors_ptr                       
1     0000e4dc  ___TI_enable_exit_profile_output      
abs   ffffffff  ___TI_pprof_out_hndl                  
abs   ffffffff  ___TI_prof_data_size                  
abs   ffffffff  ___TI_prof_data_start                 
abs   ffffffff  ___binit__                            
abs   ffffffff  ___c_args__                           
0     00085400  ___cinit__                            
0     00085230  ___etext__                            
abs   ffffffff  ___pinit__                            
0     00080044  ___text__                             
0     000851f2  __args_main                           
1     0000e4e8  __lock                                
0     0008521d  __nop                                 
0     00085219  __register_lock                       
0     00085215  __register_unlock                     
1     00000122  __stack                               
0     0008522f  __system_post_cinit                   
0     0008522d  __system_pre_init                     
1     0000e4ea  __unlock                              
0     0008513a  _abort                                
0     000847b6  _byteswap_L8cmp                       
0     000841ab  _c2000_flash_init                     
0     00084f7e  _c_int00                              
0     00084f26  _ceil                                 
0     00084f26  _ceilf                                
1     0000e4f3  _checkSCITransmitInprogress           
0     000850ab  _config_ADCA_SOC0                     
0     00084df8  _configureTimer0                      
0     000851b1  _copy_in                              
1     0000e008  _cpu1_B                               
1     0000e040  _cpu1_DW                              
0     000853f6  _cpu1_M                               
1     0000e480  _cpu1_P                               
0     00080057  _cpu1_SetEventsForThisBaseStep        
0     000829ee  _cpu1_initialize                      
0     0008168b  _cpu1_step0                           
0     000825bb  _cpu1_step1                           
0     00082b1b  _cpu1_terminate                       
0     00084e45  _disableTimer0Interrupt               
0     00084fd4  _disableWatchdog                      
0     00084e3b  _enableTimer0Interrupt                
0     0008513c  _exit                                 
0     00084ecd  _floor                                
0     00084ecd  _floorf                               
0     000849bf  _fmod                                 
0     000849bf  _fmodf                                
0     0008520c  _globalInterruptDisable               
0     00085204  _globalInterruptEnable                
0     000841c4  _initSetGPIOIPC                       
0     00084fdf  _init_SCI                             
0     00085015  _init_SCI_GPIO                        
0     00084a8e  _init_board                           
0     00084b63  _init_eCAN_B                          
1     0000e4e4  _isInitialized                        
1     0000e4ec  _isRateRunning                        
0     00084cab  _main                                 
0     000851d5  _memcpy                               
0     00085226  _memset                               
1     0000e000  _mwCMIpcControllerTx                  
1     0000c000  _mwChannel0Buff1                      
1     0000c002  _mwChannel0Buff2                      
1     0000e4da  _mwInitEnd                            
1     0000e4d8  _mwInitStart                          
1     0000e2c0  _mwIpcControllerTx                    
1     0000e4ee  _need2runFlags                        
0     00084e5d  _restoreTimer0Interrupt               
0     00085067  _rtGetInf                             
0     00085080  _rtGetInfF                            
0     00085089  _rtGetMinusInf                        
0     000850a2  _rtGetMinusInfF                       
0     00085110  _rtGetNaN                             
0     00085129  _rtGetNaNF                            
1     0000e4ca  _rtInf                                
1     0000e4d0  _rtInfF                               
0     00084bfc  _rtIsInf                              
0     00084c14  _rtIsInfF                             
0     00084c2c  _rtIsNaN                              
0     00084c4f  _rtIsNaNF                             
1     0000e4cc  _rtMinusInf                           
1     0000e4d2  _rtMinusInfF                          
1     0000e4ce  _rtNaN                                
1     0000e4d4  _rtNaNF                               
0     00084bd4  _rt_InitInfAndNaN                     
0     00084c66  _rt_OneStep                           
0     0008042e  _rt_roundf_snf                        
1     0000e4e7  _runModel                             
0     0008468b  _scia_rcv                             
0     000846ed  _scia_rcv_varsize                     
0     000843d5  _setCLBXBARForCPU2                    
0     0008437d  _setEpwmXBARForCPU2                   
0     00084254  _setGPIOForCPU2                       
0     000842a7  _setInXBARForCPU2                     
0     00084310  _setOutXBARForCPU2                    
0     00084428  _setSyncSocRegsForCPU2                
1     0000e4e6  _stopRequested                        
0     00084e36  _stopTimer0                           
1     0000e4e3  _tempChNum_read                       
1     0000e4e2  _tempChNum_write                      
abs   ffffffff  binit                                 
0     00085400  cinit                                 
0     00080000  code_start                            
0     00085230  etext                                 
abs   ffffffff  pinit                                 


GLOBAL SYMBOLS: SORTED BY Symbol Address 

page  address   name                                  
----  -------   ----                                  
0     00008000  _InitFlash                            
0     00008000  _MW_RamfuncsRunStart                  
0     00008000  _RamfuncsLoadEnd                      
0     00008000  _RamfuncsLoadStart                    
0     00008000  _RamfuncsRunEnd                       
0     00008000  _RamfuncsRunStart                     
0     00008029  _FlashOff                             
0     00008037  _F28x_usDelay                         
0     0000803b  _SysCtl_delay                         
0     0000803f  _MW_RamfuncsRunEnd                    
0     0003f800  _MW_IPCCPU2toCPU1Buffers              
0     0003f900  _MW_GetWriteIndexes                   
0     0003f920  _MW_PutReadIndexes                    
0     0003f940  _MW_WRITESTATUSBUFF1                  
0     0003f960  _MW_WRITESTATUSBUFF2                  
0     0003f980  _MW_READSTATUSBUFF1                   
0     0003f9a0  _MW_READSTATUSBUFF2                   
0     00080000  code_start                            
0     00080004  _MW_RamfuncsLoadStart                 
0     00080043  _MW_RamfuncsLoadEnd                   
0     00080044  .text                                 
0     00080044  ___text__                             
0     00080057  _cpu1_SetEventsForThisBaseStep        
0     0008042e  _rt_roundf_snf                        
0     0008168b  _cpu1_step0                           
0     000825bb  _cpu1_step1                           
0     000829ee  _cpu1_initialize                      
0     00082b1b  _cpu1_terminate                       
0     00082b70  _TIMER1_ISR                           
0     00082b7a  _TIMER2_ISR                           
0     00082b84  _DATALOG_ISR                          
0     00082b8e  _RTOS_ISR                             
0     00082b98  _EMU_ISR                              
0     00082ba2  _NMI_ISR                              
0     00082bac  _ILLEGAL_ISR                          
0     00082bb6  _USER1_ISR                            
0     00082bc0  _USER2_ISR                            
0     00082bca  _USER3_ISR                            
0     00082bd4  _USER4_ISR                            
0     00082bde  _USER5_ISR                            
0     00082be8  _USER6_ISR                            
0     00082bf2  _USER7_ISR                            
0     00082bfc  _USER8_ISR                            
[...]
0     00082f6c  _FPU_OVERFLOW_ISR                     
0     00082f76  _FPU_UNDERFLOW_ISR                    
0     00082f80  _IPC0_ISR                             
0     00082f8a  _IPC1_ISR                             
0     00082f94  _IPC2_ISR                             
0     00082f9e  _IPC3_ISR                             
0     00082fa8  _EPWM9_TZ_ISR                         
0     00082fb2  _EPWM10_TZ_ISR                        
0     00082fbc  _EPWM11_TZ_ISR                        
0     00082fc6  _EPWM12_TZ_ISR                        
0     00082fd0  _EPWM9_ISR                            
0     00082fda  _EPWM10_ISR                           
0     00082fe4  _EPWM11_ISR                           
0     00082fee  _EPWM12_ISR                           
0     00082ff8  _SD1_ISR                              
0     00083002  _SD2_ISR                              
0     0008300c  _SPIC_RX_ISR                          
0     00083016  _SPIC_TX_ISR                          
0     00083020  _UPPA_ISR                             
0     0008302a  _USBA_ISR                             
0     00083034  _ADCC_EVT_ISR                         
0     0008303e  _ADCC2_ISR                            
0     00083048  _ADCC3_ISR                            
0     00083052  _ADCC4_ISR                            
0     0008305c  _ADCD_EVT_ISR                         
0     00083066  _ADCD2_ISR                            
0     00083070  _ADCD3_ISR                            
0     0008307a  _ADCD4_ISR                            
0     00083084  _EMIF_ERROR_ISR                       
0     0008308e  _RAM_CORRECTABLE_ERROR_ISR            
0     00083098  _FLASH_CORRECTABLE_ERROR_ISR          
0     000830a2  _RAM_ACCESS_VIOLATION_ISR             
0     000830ac  _SYS_PLL_SLIP_ISR                     
0     000830b6  _AUX_PLL_SLIP_ISR                     
0     000830c0  _CLA_OVERFLOW_ISR                     
0     000830ca  _CLA_UNDERFLOW_ISR                    
0     000830d4  _PIE_RESERVED_ISR                     
0     000830de  _EMPTY_ISR                            
0     000830eb  _NOTUSED_ISR                          
0     00083180  _CAN_initModule                       
0     00083193  _CAN_setBitRate                       
0     000831d7  _CAN_setBitTiming                     
0     00083209  _CAN_clearInterruptStatus             
0     0008323a  _CAN_setupMessageObject               
0     000832f7  _CAN_sendMessage                      
0     00083343  _CAN_sendMessage_16bit                
0     0008338f  _CAN_sendMessage_32bit                
0     000833db  _CAN_sendMessage_updateDLC            
0     00083474  _CAN_sendRemoteRequestMessage         
0     000834ac  _CAN_readMessage                      
0     00083504  _CAN_readMessageWithID                
0     0008353a  _CAN_transferMessage                  
0     00083580  _CAN_clearMessage                     
0     000835a5  _CAN_disableMessageObject             
0     000835ca  _CAN_disableAllMessageObjects         
0     000835fa  _InitSysCtrl                          
0     0008361a  _InitPeripheralClocks                 
0     0008369e  _DisablePeripheralClocks              
0     000836b6  _SeizeFlashPump                       
0     000836c5  _ReleaseFlashPump                     
0     000836cf  _ServiceDog                           
0     000836dd  _DisableDog                           
0     000836eb  _InitSysPll                           
0     000838d9  _InitAuxPll                           
0     000839c8  _CsmUnlock                            
0     000839e9  _SysIntOsc1Sel                        
0     000839f9  _SysIntOsc2Sel                        
0     00083a0d  _SysXtalOscSel                        
0     00083a1d  _AuxIntOsc2Sel                        
0     00083a27  _AuxXtalOscSel                        
0     00083a33  _AuxAuxClkSel                         
0     00083a3d  _IDLE                                 
0     00083a46  _STANDBY                              
0     00083a51  _HALT                                 
0     00083a6a  _HIB                                  
0     00083a87  _ConfigureTMXAnalogTrim               
0     00083aa4  _MW_IPC_Transmit                      
0     00083b8a  _MW_IPC_Write_GSRAM                   
0     00083c2f  _MW_IPC_StatusCheck                   
0     00083cea  _MW_IPC_Receive                       
0     00083d9b  _MW_IPC_Read_GSRAM                    
0     00083e11  _IPCInit                              
0     00083ed1  _IPCLiteLtoRGetResult                 
0     00083eec  _IPCLiteLtoRDataRead                  
0     00083f0f  _IPCLiteLtoRSetBits                   
0     00083f39  _IPCLiteLtoRSetBits_Protected         
0     00083f63  _IPCLiteLtoRClearBits                 
0     00083f8d  _IPCLiteLtoRClearBits_Protected       
0     00083fb7  _IPCLiteLtoRDataWrite                 
0     00083fdc  _IPCLiteLtoRDataWrite_Protected       
0     00084001  _IPCLiteLtoRFunctionCall              
0     0008401d  _IPCLiteReqMemAccess                  
0     00084041  _IPCLiteRtoLDataRead                  
0     00084068  _IPCLiteRtoLSetBits                   
0     00084096  _IPCLiteRtoLSetBits_Protected         
0     000840c7  _IPCLiteRtoLClearBits                 
0     000840f7  _IPCLiteRtoLClearBits_Protected       
0     0008412a  _IPCLiteRtoLDataWrite                 
0     00084157  _IPCLiteRtoLDataWrite_Protected       
0     00084187  _IPCLiteRtoLFunctionCall              
0     000841a4  _DelayLoop                            
0     000841ab  _c2000_flash_init                     
0     000841c4  _initSetGPIOIPC                       
0     00084254  _setGPIOForCPU2                       
0     000842a7  _setInXBARForCPU2                     
0     00084310  _setOutXBARForCPU2                    
0     0008437d  _setEpwmXBARForCPU2                   
0     000843d5  _setCLBXBARForCPU2                    
0     00084428  _setSyncSocRegsForCPU2                
0     00084447  _InitGpio                             
0     00084487  _GPIO_SetupPinMux                     
0     00084513  _GPIO_SetupPinOptions                 
0     000845a7  _GPIO_SetupLock                       
0     000845d0  _GPIO_SetupXINT1Gpio                  
0     000845da  _GPIO_SetupXINT2Gpio                  
0     000845e4  _GPIO_SetupXINT3Gpio                  
0     000845ee  _GPIO_SetupXINT4Gpio                  
0     000845f8  _GPIO_SetupXINT5Gpio                  
0     00084602  _GPIO_EnableUnbondedIOPullupsFor176Pin
0     0008461b  _GPIO_EnableUnbondedIOPullupsFor100Pin
0     00084640  _GPIO_EnableUnbondedIOPullups         
0     00084656  _GPIO_ReadPin                         
0     0008466d  _GPIO_WritePin                        
0     0008468b  _scia_rcv                             
0     000846ed  _scia_rcv_varsize                     
0     000847b6  _byteswap_L8cmp                       
0     000847e9  _AdcSetMode                           
0     0008489f  _CalAdcINL                            
0     000848d9  _CPU02toCPU01IPC0IntHandler           
0     000849bf  _fmod                                 
0     000849bf  _fmodf                                
0     00084a8e  _init_board                           
0     00084b63  _init_eCAN_B                          
0     00084bd4  _rt_InitInfAndNaN                     
0     00084bfc  _rtIsInf                              
0     00084c14  _rtIsInfF                             
0     00084c2c  _rtIsNaN                              
0     00084c4f  _rtIsNaNF                             
0     00084c66  _rt_OneStep                           
0     00084cab  _main                                 
0     00084cf4  FS$$DIV                               
0     00084d7c  _InitCpuTimers                        
0     00084dbd  _ConfigCpuTimer                       
0     00084df8  _configureTimer0                      
0     00084e36  _stopTimer0                           
0     00084e3b  _enableTimer0Interrupt                
0     00084e45  _disableTimer0Interrupt               
0     00084e5d  _restoreTimer0Interrupt               
0     00084e68  _MW_ConfigureDACA                     
0     00084e89  _MW_ConfigureDACB                     
0     00084eab  _MW_ConfigureDACC                     
0     00084ecd  _floor                                
0     00084ecd  _floorf                               
0     00084f26  _ceil                                 
0     00084f26  _ceilf                                
0     00084f7e  _c_int00                              
0     00084fd4  _disableWatchdog                      
0     00084fdf  _init_SCI                             
0     00085015  _init_SCI_GPIO                        
0     00085023  _TINT0_isr                            
0     00085067  _rtGetInf                             
0     00085080  _rtGetInfF                            
0     00085089  _rtGetMinusInf                        
0     000850a2  _rtGetMinusInfF                       
0     000850ab  _config_ADCA_SOC0                     
0     000850c9  _InitAdcA                             
0     000850e6  _Interrupt_defaultHandler             
0     000850fc  _Interrupt_illegalOperationHandler    
0     00085106  _Interrupt_nmiHandler                 
0     00085110  _rtGetNaN                             
0     00085129  _rtGetNaNF                            
0     0008513a  C$$EXIT                               
0     0008513a  _abort                                
0     0008513c  _exit                                 
0     00085163  _InitPieCtrl                          
0     00085182  _EnableInterrupts                     
0     0008518b  _InitPieVectTable                     
0     000851b1  _copy_in                              
0     000851d5  _memcpy                               
0     000851f2  __args_main                           
0     00085204  _globalInterruptEnable                
0     0008520c  _globalInterruptDisable               
0     00085215  __register_unlock                     
0     00085219  __register_lock                       
0     0008521d  __nop                                 
0     00085226  _memset                               
0     0008522d  __system_pre_init                     
0     0008522f  __system_post_cinit                   
0     00085230  _PieVectTableInit                     
0     00085230  ___etext__                            
0     00085230  etext                                 
0     000853f6  _cpu1_M                               
0     00085400  ___cinit__                            
0     00085400  cinit                                 
1     00000122  __stack                               
1     00000522  __STACK_END                           
1     00000b00  _AdcaResultRegs                       
1     00000b20  _AdcbResultRegs                       
1     00000b40  _AdccResultRegs                       
1     00000b60  _AdcdResultRegs                       
1     00000c00  _CpuTimer0Regs                        
1     00000c08  _CpuTimer1Regs                        
1     00000c10  _CpuTimer2Regs                        
1     00000ce0  _PieCtrlRegs                          
1     00000d00  _PieVectTable                         
1     00001000  _DmaRegs                              
1     00001400  _Cla1Regs                             
1     00003000  _Clb1LogicCfgRegs                     
1     00003100  _Clb1LogicCtrlRegs                    
1     00003200  _Clb1DataExchRegs                     
1     00003400  _Clb2LogicCfgRegs                     
1     00003500  _Clb2LogicCtrlRegs                    
1     00003600  _Clb2DataExchRegs                     
1     00003800  _Clb3LogicCfgRegs                     
1     00003900  _Clb3LogicCtrlRegs                    
1     00003a00  _Clb3DataExchRegs                     
1     00003c00  _Clb4LogicCfgRegs                     
1     00003d00  _Clb4LogicCtrlRegs                    
1     00003e00  _Clb4DataExchRegs                     
1     00004000  _EPwm1Regs                            
1     00004100  _EPwm2Regs                            
1     00004200  _EPwm3Regs                            
1     00004300  _EPwm4Regs                            
1     00004400  _EPwm5Regs                            
1     00004500  _EPwm6Regs                            
1     00004600  _EPwm7Regs                            
1     00004700  _EPwm8Regs                            
1     00004800  _EPwm9Regs                            
1     00004900  _EPwm10Regs                           
1     00004a00  _EPwm11Regs                           
1     00004b00  _EPwm12Regs                           
1     00005000  _ECap1Regs                            
1     00005020  _ECap2Regs                            
1     00005040  _ECap3Regs                            
1     00005060  _ECap4Regs                            
1     00005080  _ECap5Regs                            
1     000050a0  _ECap6Regs                            
1     00005100  _EQep1Regs                            
1     00005140  _EQep2Regs                            
1     00005180  _EQep3Regs                            
1     00005c00  _DacaRegs                             
1     00005c10  _DacbRegs                             
1     00005c20  _DaccRegs                             
1     00005c80  _Cmpss1Regs                           
1     00005ca0  _Cmpss2Regs                           
1     00005cc0  _Cmpss3Regs                           
1     00005ce0  _Cmpss4Regs                           
1     00005d00  _Cmpss5Regs                           
1     00005d20  _Cmpss6Regs                           
1     00005d40  _Cmpss7Regs                           
1     00005d60  _Cmpss8Regs                           
1     00005e00  _Sdfm1Regs                            
1     00005e80  _Sdfm2Regs                            
1     00006000  _McbspaRegs                           
1     00006040  _McbspbRegs                           
1     00006100  _SpiaRegs                             
1     00006110  _SpibRegs                             
1     00006120  _SpicRegs                             
1     00006200  _UppRegs                              
1     00007000  _WdRegs                               
1     00007060  _NmiIntruptRegs                       
1     00007070  _XintRegs                             
1     00007200  _SciaRegs                             
1     00007210  _ScibRegs                             
1     00007220  _ScicRegs                             
1     00007230  _ScidRegs                             
1     00007300  _I2caRegs                             
1     00007340  _I2cbRegs                             
1     00007400  _AdcaRegs                             
1     00007480  _AdcbRegs                             
1     00007500  _AdccRegs                             
1     00007580  _AdcdRegs                             
1     00007900  _InputXbarRegs                        
1     00007920  _XbarRegs                             
1     00007940  _SyncSocRegs                          
1     00007980  _DmaClaSrcSelRegs                     
1     00007a00  _EPwmXbarRegs                         
1     00007a40  _ClbXbarRegs                          
1     00007a80  _OutputXbarRegs                       
1     00007c00  _GpioCtrlRegs                         
1     00007f00  _GpioDataRegs                         
1     0000c000  _mwChannel0Buff1                      
1     0000c002  _mwChannel0Buff2                      
1     0000e000  _MW_adcAInitFlag                      
1     0000e000  _mwCMIpcControllerTx                  
1     0000e008  _cpu1_B                               
1     0000e040  _cpu1_DW                              
1     0000e292  _CpuTimer0                            
1     0000e29a  _CpuTimer1                            
1     0000e2a2  _CpuTimer2                            
1     0000e2aa  _CAN_DATATYPE_GROUND                  
1     0000e2ba  _MW_DAC_PTR                           
1     0000e2c0  _mwIpcControllerTx                    
1     0000e480  _cpu1_P                               
1     0000e4ca  _rtInf                                
1     0000e4cc  _rtMinusInf                           
1     0000e4ce  _rtNaN                                
1     0000e4d0  _rtInfF                               
1     0000e4d2  _rtMinusInfF                          
1     0000e4d4  _rtNaNF                               
1     0000e4d6  _ErrorFlag                            
1     0000e4d8  _mwInitStart                          
1     0000e4da  _mwInitEnd                            
1     0000e4dc  ___TI_enable_exit_profile_output      
1     0000e4de  ___TI_cleanup_ptr                     
1     0000e4e0  ___TI_dtors_ptr                       
1     0000e4e2  _tempChNum_write                      
1     0000e4e3  _tempChNum_read                       
1     0000e4e4  _isInitialized                        
1     0000e4e5  _IsrOverrun                           
1     0000e4e6  _stopRequested                        
1     0000e4e7  _runModel                             
1     0000e4e8  __lock                                
1     0000e4ea  __unlock                              
1     0000e4ec  _isRateRunning                        
1     0000e4ee  _need2runFlags                        
1     0000e4f1  _GPIO_oneTimeInit                     
1     0000e4f2  _MW_InterruptDisableLock              
1     0000e4f3  _checkSCITransmitInprogress           
1     0000e500  _IpcGSlocation1                       
1     0000e540  _IpcGSlocation2                       
1     0003fc00  _MW_IPCCPU1toCPU2Buffers              
1     0003fd00  _MW_PutWriteIndexes                   
1     0003fd20  _MW_GetReadIndexes                    
1     0003fd40  _MW_WRITEFLAGBUFF1                    
1     0003fd60  _MW_WRITEFLAGBUFF2                    
1     0003fd80  _MW_READFLAGBUFF1                     
1     0003fda0  _MW_READFLAGBUFF2                     
1     00047000  _Emif1Regs                            
1     00047800  _Emif2Regs                            
1     00048000  _CanaRegs                             
1     0004a000  _CanbRegs                             
1     00050000  _IpcRegs                              
1     00050024  _FlashPumpSemaphoreRegs               
1     0005d000  _DevCfgRegs                           
1     0005d180  _AnalogSubsysRegs                     
1     0005d200  _ClkCfgRegs                           
1     0005d300  _CpuSysRegs                           
1     0005e608  _RomPrefetchRegs                      
1     0005f000  _DcsmZ1Regs                           
1     0005f040  _DcsmZ2Regs                           
1     0005f070  _DcsmCommonRegs                       
1     0005f400  _MemCfgRegs                           
1     0005f480  _Emif1ConfigRegs                      
1     0005f4a0  _Emif2ConfigRegs                      
1     0005f4c0  _AccessProtectionRegs                 
1     0005f500  _MemoryErrorRegs                      
1     0005f540  _RomWaitStateRegs                     
1     0005f800  _Flash0CtrlRegs                       
1     0005fb00  _Flash0EccRegs                        
abs   00000000  _RamfuncsLoadSize                     
abs   00000000  _RamfuncsRunSize                      
abs   0000003f  _MW_RamfuncsLoadSize                  
abs   0000003f  _MW_RamfuncsRunSize                   
abs   00000400  __STACK_SIZE                          
abs   ffffffff  ___TI_pprof_out_hndl                  
abs   ffffffff  ___TI_prof_data_size                  
abs   ffffffff  ___TI_prof_data_start                 
abs   ffffffff  ___binit__                            
abs   ffffffff  ___c_args__                           
abs   ffffffff  ___pinit__                            
abs   ffffffff  binit                                 
abs   ffffffff  pinit                                 

[493 symbols]
